Component: Arm Compiler for Embedded 6.24 Tool: armlink [5f371500]

==============================================================================

Section Cross References

    startup_stm32f401xc.o(STACK) refers (Special) to heapauxi.o(.text) for __use_two_region_memory
    startup_stm32f401xc.o(HEAP) refers (Special) to heapauxi.o(.text) for __use_two_region_memory
    startup_stm32f401xc.o(RESET) refers (Special) to heapauxi.o(.text) for __use_two_region_memory
    startup_stm32f401xc.o(RESET) refers to startup_stm32f401xc.o(STACK) for __initial_sp
    startup_stm32f401xc.o(RESET) refers to startup_stm32f401xc.o(.text) for Reset_Handler
    startup_stm32f401xc.o(RESET) refers to stm32f4xx_it.o(.text.NMI_Handler) for NMI_Handler
    startup_stm32f401xc.o(RESET) refers to stm32f4xx_it.o(.text.HardFault_Handler) for HardFault_Handler
    startup_stm32f401xc.o(RESET) refers to stm32f4xx_it.o(.text.MemManage_Handler) for MemManage_Handler
    startup_stm32f401xc.o(RESET) refers to stm32f4xx_it.o(.text.BusFault_Handler) for BusFault_Handler
    startup_stm32f401xc.o(RESET) refers to stm32f4xx_it.o(.text.UsageFault_Handler) for UsageFault_Handler
    startup_stm32f401xc.o(RESET) refers to stm32f4xx_it.o(.text.SVC_Handler) for SVC_Handler
    startup_stm32f401xc.o(RESET) refers to stm32f4xx_it.o(.text.DebugMon_Handler) for DebugMon_Handler
    startup_stm32f401xc.o(RESET) refers to stm32f4xx_it.o(.text.PendSV_Handler) for PendSV_Handler
    startup_stm32f401xc.o(RESET) refers to stm32f4xx_it.o(.text.SysTick_Handler) for SysTick_Handler
    startup_stm32f401xc.o(RESET) refers to it_handlers.o(.text.EXTI1_IRQHandler) for EXTI1_IRQHandler
    startup_stm32f401xc.o(RESET) refers to it_handlers.o(.text.EXTI2_IRQHandler) for EXTI2_IRQHandler
    startup_stm32f401xc.o(RESET) refers to it_handlers.o(.text.EXTI3_IRQHandler) for EXTI3_IRQHandler
    startup_stm32f401xc.o(RESET) refers to it_handlers.o(.text.EXTI4_IRQHandler) for EXTI4_IRQHandler
    startup_stm32f401xc.o(.text) refers (Special) to heapauxi.o(.text) for __use_two_region_memory
    startup_stm32f401xc.o(.text) refers to system_stm32f4xx.o(.text.SystemInit) for SystemInit
    startup_stm32f401xc.o(.text) refers to __main.o(!!!main) for __main
    startup_stm32f401xc.o(.text) refers to startup_stm32f401xc.o(HEAP) for Heap_Mem
    startup_stm32f401xc.o(.text) refers to startup_stm32f401xc.o(STACK) for Stack_Mem
    main.o(.text.main) refers to main.o(.text.LL_APB2_GRP1_EnableClock) for LL_APB2_GRP1_EnableClock
    main.o(.text.main) refers to main.o(.text.LL_APB1_GRP1_EnableClock) for LL_APB1_GRP1_EnableClock
    main.o(.text.main) refers to main.o(.text.__NVIC_SetPriorityGrouping) for __NVIC_SetPriorityGrouping
    main.o(.text.main) refers to main.o(.text.__NVIC_GetPriorityGrouping) for __NVIC_GetPriorityGrouping
    main.o(.text.main) refers to main.o(.text.NVIC_EncodePriority) for NVIC_EncodePriority
    main.o(.text.main) refers to main.o(.text.__NVIC_SetPriority) for __NVIC_SetPriority
    main.o(.text.main) refers to main.o(.text.SystemClock_Config) for SystemClock_Config
    main.o(.ARM.exidx.text.main) refers to main.o(.text.main) for [Anonymous Symbol]
    main.o(.ARM.exidx.text.LL_APB2_GRP1_EnableClock) refers to main.o(.text.LL_APB2_GRP1_EnableClock) for [Anonymous Symbol]
    main.o(.ARM.exidx.text.LL_APB1_GRP1_EnableClock) refers to main.o(.text.LL_APB1_GRP1_EnableClock) for [Anonymous Symbol]
    main.o(.ARM.exidx.text.__NVIC_SetPriorityGrouping) refers to main.o(.text.__NVIC_SetPriorityGrouping) for [Anonymous Symbol]
    main.o(.ARM.exidx.text.__NVIC_SetPriority) refers to main.o(.text.__NVIC_SetPriority) for [Anonymous Symbol]
    main.o(.ARM.exidx.text.NVIC_EncodePriority) refers to main.o(.text.NVIC_EncodePriority) for [Anonymous Symbol]
    main.o(.ARM.exidx.text.__NVIC_GetPriorityGrouping) refers to main.o(.text.__NVIC_GetPriorityGrouping) for [Anonymous Symbol]
    main.o(.text.SystemClock_Config) refers to main.o(.text.LL_FLASH_SetLatency) for LL_FLASH_SetLatency
    main.o(.text.SystemClock_Config) refers to main.o(.text.LL_FLASH_GetLatency) for LL_FLASH_GetLatency
    main.o(.text.SystemClock_Config) refers to main.o(.text.LL_PWR_SetRegulVoltageScaling) for LL_PWR_SetRegulVoltageScaling
    main.o(.text.SystemClock_Config) refers to main.o(.text.LL_RCC_HSI_SetCalibTrimming) for LL_RCC_HSI_SetCalibTrimming
    main.o(.text.SystemClock_Config) refers to main.o(.text.LL_RCC_HSI_Enable) for LL_RCC_HSI_Enable
    main.o(.text.SystemClock_Config) refers to main.o(.text.LL_RCC_HSI_IsReady) for LL_RCC_HSI_IsReady
    main.o(.text.SystemClock_Config) refers to main.o(.text.LL_RCC_PLL_ConfigDomain_SYS) for LL_RCC_PLL_ConfigDomain_SYS
    main.o(.text.SystemClock_Config) refers to main.o(.text.LL_RCC_PLL_Enable) for LL_RCC_PLL_Enable
    main.o(.text.SystemClock_Config) refers to main.o(.text.LL_RCC_PLL_IsReady) for LL_RCC_PLL_IsReady
[...]
    Removing main.o(.ARM.exidx.text.LL_RCC_SetTIMPrescaler), (8 bytes).
    Removing main.o(.text.Error_Handler), (6 bytes).
    Removing main.o(.ARM.exidx.text.Error_Handler), (8 bytes).
    Removing main.o(.ARM.use_no_argv), (4 bytes).
    Removing stm32f4xx_it.o(.text), (0 bytes).
    Removing stm32f4xx_it.o(.ARM.exidx.text.NMI_Handler), (8 bytes).
    Removing stm32f4xx_it.o(.ARM.exidx.text.HardFault_Handler), (8 bytes).
    Removing stm32f4xx_it.o(.ARM.exidx.text.MemManage_Handler), (8 bytes).
    Removing stm32f4xx_it.o(.ARM.exidx.text.BusFault_Handler), (8 bytes).
    Removing stm32f4xx_it.o(.ARM.exidx.text.UsageFault_Handler), (8 bytes).
    Removing stm32f4xx_it.o(.ARM.exidx.text.SVC_Handler), (8 bytes).
    Removing stm32f4xx_it.o(.ARM.exidx.text.DebugMon_Handler), (8 bytes).
    Removing stm32f4xx_it.o(.ARM.exidx.text.PendSV_Handler), (8 bytes).
    Removing stm32f4xx_it.o(.ARM.exidx.text.SysTick_Handler), (8 bytes).
    Removing stm32f4xx_it.o(.bss.sys_ms), (4 bytes).
    Removing stm32f4xx_ll_gpio.o(.text), (0 bytes).
    Removing stm32f4xx_ll_gpio.o(.text.LL_GPIO_DeInit), (228 bytes).
    Removing stm32f4xx_ll_gpio.o(.ARM.exidx.text.LL_GPIO_DeInit), (8 bytes).
    Removing stm32f4xx_ll_gpio.o(.text.LL_AHB1_GRP1_ForceReset), (24 bytes).
    Removing stm32f4xx_ll_gpio.o(.ARM.exidx.text.LL_AHB1_GRP1_ForceReset), (8 bytes).
    Removing stm32f4xx_ll_gpio.o(.text.LL_AHB1_GRP1_ReleaseReset), (24 bytes).
    Removing stm32f4xx_ll_gpio.o(.ARM.exidx.text.LL_AHB1_GRP1_ReleaseReset), (8 bytes).
    Removing stm32f4xx_ll_gpio.o(.text.LL_GPIO_Init), (264 bytes).
    Removing stm32f4xx_ll_gpio.o(.ARM.exidx.text.LL_GPIO_Init), (8 bytes).
    Removing stm32f4xx_ll_gpio.o(.text.LL_GPIO_SetPinSpeed), (124 bytes).
    Removing stm32f4xx_ll_gpio.o(.ARM.exidx.text.LL_GPIO_SetPinSpeed), (8 bytes).
    Removing stm32f4xx_ll_gpio.o(.text.LL_GPIO_SetPinOutputType), (30 bytes).
    Removing stm32f4xx_ll_gpio.o(.ARM.exidx.text.LL_GPIO_SetPinOutputType), (8 bytes).
    Removing stm32f4xx_ll_gpio.o(.text.LL_GPIO_SetPinPull), (124 bytes).
    Removing stm32f4xx_ll_gpio.o(.ARM.exidx.text.LL_GPIO_SetPinPull), (8 bytes).
    Removing stm32f4xx_ll_gpio.o(.text.LL_GPIO_SetAFPin_0_7), (124 bytes).
    Removing stm32f4xx_ll_gpio.o(.ARM.exidx.text.LL_GPIO_SetAFPin_0_7), (8 bytes).
    Removing stm32f4xx_ll_gpio.o(.text.LL_GPIO_SetAFPin_8_15), (128 bytes).
    Removing stm32f4xx_ll_gpio.o(.ARM.exidx.text.LL_GPIO_SetAFPin_8_15), (8 bytes).
    Removing stm32f4xx_ll_gpio.o(.text.LL_GPIO_SetPinMode), (124 bytes).
    Removing stm32f4xx_ll_gpio.o(.ARM.exidx.text.LL_GPIO_SetPinMode), (8 bytes).
    Removing stm32f4xx_ll_gpio.o(.text.LL_GPIO_StructInit), (40 bytes).
    Removing stm32f4xx_ll_gpio.o(.ARM.exidx.text.LL_GPIO_StructInit), (8 bytes).
    Removing stm32f4xx_ll_adc.o(.text), (0 bytes).
    Removing stm32f4xx_ll_adc.o(.text.LL_ADC_CommonDeInit), (28 bytes).
    Removing stm32f4xx_ll_adc.o(.ARM.exidx.text.LL_ADC_CommonDeInit), (8 bytes).
    Removing stm32f4xx_ll_adc.o(.text.LL_APB2_GRP1_ForceReset), (24 bytes).
    Removing stm32f4xx_ll_adc.o(.ARM.exidx.text.LL_APB2_GRP1_ForceReset), (8 bytes).
    Removing stm32f4xx_ll_adc.o(.text.LL_APB2_GRP1_ReleaseReset), (24 bytes).
    Removing stm32f4xx_ll_adc.o(.ARM.exidx.text.LL_APB2_GRP1_ReleaseReset), (8 bytes).
    Removing stm32f4xx_ll_adc.o(.text.LL_ADC_CommonInit), (58 bytes).
    Removing stm32f4xx_ll_adc.o(.ARM.exidx.text.LL_ADC_CommonInit), (8 bytes).
    Removing stm32f4xx_ll_adc.o(.text.LL_ADC_IsEnabled), (16 bytes).
    Removing stm32f4xx_ll_adc.o(.ARM.exidx.text.LL_ADC_IsEnabled), (8 bytes).
    Removing stm32f4xx_ll_adc.o(.text.LL_ADC_SetCommonClock), (26 bytes).
    Removing stm32f4xx_ll_adc.o(.ARM.exidx.text.LL_ADC_SetCommonClock), (8 bytes).
    Removing stm32f4xx_ll_adc.o(.text.LL_ADC_CommonStructInit), (14 bytes).
    Removing stm32f4xx_ll_adc.o(.ARM.exidx.text.LL_ADC_CommonStructInit), (8 bytes).
    Removing stm32f4xx_ll_adc.o(.text.LL_ADC_DeInit), (248 bytes).
    Removing stm32f4xx_ll_adc.o(.ARM.exidx.text.LL_ADC_DeInit), (8 bytes).
    Removing stm32f4xx_ll_adc.o(.text.LL_ADC_REG_SetTriggerSource), (26 bytes).
    Removing stm32f4xx_ll_adc.o(.ARM.exidx.text.LL_ADC_REG_SetTriggerSource), (8 bytes).
    Removing stm32f4xx_ll_adc.o(.text.LL_ADC_INJ_SetTriggerSource), (26 bytes).
    Removing stm32f4xx_ll_adc.o(.ARM.exidx.text.LL_ADC_INJ_SetTriggerSource), (8 bytes).
    Removing stm32f4xx_ll_adc.o(.text.LL_ADC_Disable), (18 bytes).
    Removing stm32f4xx_ll_adc.o(.ARM.exidx.text.LL_ADC_Disable), (8 bytes).
    Removing stm32f4xx_ll_adc.o(.text.LL_ADC_Init), (88 bytes).
    Removing stm32f4xx_ll_adc.o(.ARM.exidx.text.LL_ADC_Init), (8 bytes).
    Removing stm32f4xx_ll_adc.o(.text.LL_ADC_StructInit), (26 bytes).
    Removing stm32f4xx_ll_adc.o(.ARM.exidx.text.LL_ADC_StructInit), (8 bytes).
    Removing stm32f4xx_ll_adc.o(.text.LL_ADC_REG_Init), (140 bytes).
    Removing stm32f4xx_ll_adc.o(.ARM.exidx.text.LL_ADC_REG_Init), (8 bytes).
    Removing stm32f4xx_ll_adc.o(.text.LL_ADC_REG_SetSequencerLength), (26 bytes).
    Removing stm32f4xx_ll_adc.o(.ARM.exidx.text.LL_ADC_REG_SetSequencerLength), (8 bytes).
    Removing stm32f4xx_ll_adc.o(.text.LL_ADC_REG_StructInit), (30 bytes).
    Removing stm32f4xx_ll_adc.o(.ARM.exidx.text.LL_ADC_REG_StructInit), (8 bytes).
    Removing stm32f4xx_ll_adc.o(.text.LL_ADC_INJ_Init), (136 bytes).
    Removing stm32f4xx_ll_adc.o(.ARM.exidx.text.LL_ADC_INJ_Init), (8 bytes).
    Removing stm32f4xx_ll_adc.o(.text.LL_ADC_INJ_SetSequencerLength), (26 bytes).
    Removing stm32f4xx_ll_adc.o(.ARM.exidx.text.LL_ADC_INJ_SetSequencerLength), (8 bytes).
    Removing stm32f4xx_ll_adc.o(.text.LL_ADC_INJ_StructInit), (26 bytes).
    Removing stm32f4xx_ll_adc.o(.ARM.exidx.text.LL_ADC_INJ_StructInit), (8 bytes).
    Removing stm32f4xx_ll_dma.o(.text), (0 bytes).
    Removing stm32f4xx_ll_dma.o(.text.LL_DMA_DeInit), (972 bytes).
    Removing stm32f4xx_ll_dma.o(.ARM.exidx.text.LL_DMA_DeInit), (8 bytes).
    Removing stm32f4xx_ll_dma.o(.text.LL_AHB1_GRP1_ForceReset), (24 bytes).
    Removing stm32f4xx_ll_dma.o(.ARM.exidx.text.LL_AHB1_GRP1_ForceReset), (8 bytes).
    Removing stm32f4xx_ll_dma.o(.text.LL_AHB1_GRP1_ReleaseReset), (24 bytes).
    Removing stm32f4xx_ll_dma.o(.ARM.exidx.text.LL_AHB1_GRP1_ReleaseReset), (8 bytes).
    Removing stm32f4xx_ll_dma.o(.text.LL_DMA_DisableStream), (32 bytes).
    Removing stm32f4xx_ll_dma.o(.ARM.exidx.text.LL_DMA_DisableStream), (8 bytes).
    Removing stm32f4xx_ll_dma.o(.text.LL_DMA_SetChannelSelection), (44 bytes).
    Removing stm32f4xx_ll_dma.o(.ARM.exidx.text.LL_DMA_SetChannelSelection), (8 bytes).
    Removing stm32f4xx_ll_dma.o(.text.LL_DMA_Init), (174 bytes).
    Removing stm32f4xx_ll_dma.o(.ARM.exidx.text.LL_DMA_Init), (8 bytes).
    Removing stm32f4xx_ll_dma.o(.text.LL_DMA_ConfigTransfer), (50 bytes).
    Removing stm32f4xx_ll_dma.o(.ARM.exidx.text.LL_DMA_ConfigTransfer), (8 bytes).
    Removing stm32f4xx_ll_dma.o(.text.LL_DMA_ConfigFifo), (54 bytes).
    Removing stm32f4xx_ll_dma.o(.ARM.exidx.text.LL_DMA_ConfigFifo), (8 bytes).
    Removing stm32f4xx_ll_dma.o(.text.LL_DMA_SetMemoryBurstxfer), (44 bytes).
    Removing stm32f4xx_ll_dma.o(.ARM.exidx.text.LL_DMA_SetMemoryBurstxfer), (8 bytes).
    Removing stm32f4xx_ll_dma.o(.text.LL_DMA_SetPeriphBurstxfer), (44 bytes).
    Removing stm32f4xx_ll_dma.o(.ARM.exidx.text.LL_DMA_SetPeriphBurstxfer), (8 bytes).
    Removing stm32f4xx_ll_dma.o(.text.LL_DMA_SetMemoryAddress), (32 bytes).
    Removing stm32f4xx_ll_dma.o(.ARM.exidx.text.LL_DMA_SetMemoryAddress), (8 bytes).
    Removing stm32f4xx_ll_dma.o(.text.LL_DMA_SetPeriphAddress), (32 bytes).
    Removing stm32f4xx_ll_dma.o(.ARM.exidx.text.LL_DMA_SetPeriphAddress), (8 bytes).
    Removing stm32f4xx_ll_dma.o(.text.LL_DMA_SetDataLength), (50 bytes).
    Removing stm32f4xx_ll_dma.o(.ARM.exidx.text.LL_DMA_SetDataLength), (8 bytes).
    Removing stm32f4xx_ll_dma.o(.text.LL_DMA_StructInit), (70 bytes).
    Removing stm32f4xx_ll_dma.o(.ARM.exidx.text.LL_DMA_StructInit), (8 bytes).
    Removing stm32f4xx_ll_dma.o(.rodata.STREAM_OFFSET_TAB), (8 bytes).
    Removing stm32f4xx_ll_rcc.o(.text), (0 bytes).
    Removing stm32f4xx_ll_rcc.o(.text.LL_RCC_DeInit), (196 bytes).
    Removing stm32f4xx_ll_rcc.o(.ARM.exidx.text.LL_RCC_DeInit), (8 bytes).
    Removing stm32f4xx_ll_rcc.o(.text.LL_RCC_HSI_Enable), (18 bytes).
    Removing stm32f4xx_ll_rcc.o(.ARM.exidx.text.LL_RCC_HSI_Enable), (8 bytes).
    Removing stm32f4xx_ll_rcc.o(.text.LL_RCC_HSI_IsReady), (16 bytes).
    Removing stm32f4xx_ll_rcc.o(.ARM.exidx.text.LL_RCC_HSI_IsReady), (8 bytes).
    Removing stm32f4xx_ll_rcc.o(.text.LL_RCC_HSI_SetCalibTrimming), (30 bytes).
    Removing stm32f4xx_ll_rcc.o(.ARM.exidx.text.LL_RCC_HSI_SetCalibTrimming), (8 bytes).
    Removing stm32f4xx_ll_rcc.o(.text.LL_RCC_PLL_IsReady), (16 bytes).
    Removing stm32f4xx_ll_rcc.o(.ARM.exidx.text.LL_RCC_PLL_IsReady), (8 bytes).
    Removing stm32f4xx_ll_rcc.o(.text.LL_RCC_GetSystemClocksFreq), (54 bytes).
    Removing stm32f4xx_ll_rcc.o(.ARM.exidx.text.LL_RCC_GetSystemClocksFreq), (8 bytes).
    Removing stm32f4xx_ll_rcc.o(.text.RCC_GetSystemClockFreq), (88 bytes).
    Removing stm32f4xx_ll_rcc.o(.ARM.exidx.text.RCC_GetSystemClockFreq), (8 bytes).
    Removing stm32f4xx_ll_rcc.o(.text.RCC_GetHCLKClockFreq), (38 bytes).
    Removing stm32f4xx_ll_rcc.o(.ARM.exidx.text.RCC_GetHCLKClockFreq), (8 bytes).
    Removing stm32f4xx_ll_rcc.o(.text.RCC_GetPCLK1ClockFreq), (36 bytes).
    Removing stm32f4xx_ll_rcc.o(.ARM.exidx.text.RCC_GetPCLK1ClockFreq), (8 bytes).
    Removing stm32f4xx_ll_rcc.o(.text.RCC_GetPCLK2ClockFreq), (36 bytes).
    Removing stm32f4xx_ll_rcc.o(.ARM.exidx.text.RCC_GetPCLK2ClockFreq), (8 bytes).
    Removing stm32f4xx_ll_rcc.o(.text.LL_RCC_GetI2SClockFreq), (84 bytes).
    Removing stm32f4xx_ll_rcc.o(.ARM.exidx.text.LL_RCC_GetI2SClockFreq), (8 bytes).
    Removing stm32f4xx_ll_rcc.o(.text.LL_RCC_GetI2SClockSource), (22 bytes).
    Removing stm32f4xx_ll_rcc.o(.ARM.exidx.text.LL_RCC_GetI2SClockSource), (8 bytes).
    Removing stm32f4xx_ll_rcc.o(.text.LL_RCC_PLLI2S_IsReady), (16 bytes).
    Removing stm32f4xx_ll_rcc.o(.ARM.exidx.text.LL_RCC_PLLI2S_IsReady), (8 bytes).
    Removing stm32f4xx_ll_rcc.o(.text.RCC_PLLI2S_GetFreqDomain_I2S), (114 bytes).
    Removing stm32f4xx_ll_rcc.o(.ARM.exidx.text.RCC_PLLI2S_GetFreqDomain_I2S), (8 bytes).
    Removing stm32f4xx_ll_rcc.o(.text.LL_RCC_GetSDIOClockFreq), (44 bytes).
    Removing stm32f4xx_ll_rcc.o(.ARM.exidx.text.LL_RCC_GetSDIOClockFreq), (8 bytes).
    Removing stm32f4xx_ll_rcc.o(.text.RCC_PLL_GetFreqDomain_48M), (118 bytes).
    Removing stm32f4xx_ll_rcc.o(.ARM.exidx.text.RCC_PLL_GetFreqDomain_48M), (8 bytes).
    Removing stm32f4xx_ll_rcc.o(.text.LL_RCC_GetUSBClockFreq), (32 bytes).
    Removing stm32f4xx_ll_rcc.o(.ARM.exidx.text.LL_RCC_GetUSBClockFreq), (8 bytes).
    Removing stm32f4xx_ll_rcc.o(.text.LL_RCC_GetSysClkSource), (16 bytes).
    Removing stm32f4xx_ll_rcc.o(.ARM.exidx.text.LL_RCC_GetSysClkSource), (8 bytes).
    Removing stm32f4xx_ll_rcc.o(.text.RCC_PLL_GetFreqDomain_SYS), (142 bytes).
    Removing stm32f4xx_ll_rcc.o(.ARM.exidx.text.RCC_PLL_GetFreqDomain_SYS), (8 bytes).
    Removing stm32f4xx_ll_rcc.o(.text.LL_RCC_GetAHBPrescaler), (16 bytes).
    Removing stm32f4xx_ll_rcc.o(.ARM.exidx.text.LL_RCC_GetAHBPrescaler), (8 bytes).
    Removing stm32f4xx_ll_rcc.o(.text.LL_RCC_GetAPB1Prescaler), (16 bytes).
    Removing stm32f4xx_ll_rcc.o(.ARM.exidx.text.LL_RCC_GetAPB1Prescaler), (8 bytes).
    Removing stm32f4xx_ll_rcc.o(.text.LL_RCC_GetAPB2Prescaler), (16 bytes).
    Removing stm32f4xx_ll_rcc.o(.ARM.exidx.text.LL_RCC_GetAPB2Prescaler), (8 bytes).
    Removing stm32f4xx_ll_rcc.o(.text.LL_RCC_PLL_GetMainSource), (16 bytes).
    Removing stm32f4xx_ll_rcc.o(.ARM.exidx.text.LL_RCC_PLL_GetMainSource), (8 bytes).
    Removing stm32f4xx_ll_rcc.o(.text.LL_RCC_PLL_GetDivider), (16 bytes).
    Removing stm32f4xx_ll_rcc.o(.ARM.exidx.text.LL_RCC_PLL_GetDivider), (8 bytes).
    Removing stm32f4xx_ll_rcc.o(.text.LL_RCC_PLL_GetN), (16 bytes).
    Removing stm32f4xx_ll_rcc.o(.ARM.exidx.text.LL_RCC_PLL_GetN), (8 bytes).
    Removing stm32f4xx_ll_rcc.o(.text.LL_RCC_PLL_GetP), (16 bytes).
    Removing stm32f4xx_ll_rcc.o(.ARM.exidx.text.LL_RCC_PLL_GetP), (8 bytes).
    Removing stm32f4xx_ll_rcc.o(.text.LL_RCC_PLL_GetQ), (16 bytes).
    Removing stm32f4xx_ll_rcc.o(.ARM.exidx.text.LL_RCC_PLL_GetQ), (8 bytes).
    Removing stm32f4xx_ll_rcc.o(.text.LL_RCC_PLLI2S_GetMainSource), (16 bytes).
    Removing stm32f4xx_ll_rcc.o(.ARM.exidx.text.LL_RCC_PLLI2S_GetMainSource), (8 bytes).
    Removing stm32f4xx_ll_rcc.o(.text.LL_RCC_PLLI2S_GetDivider), (16 bytes).
    Removing stm32f4xx_ll_rcc.o(.ARM.exidx.text.LL_RCC_PLLI2S_GetDivider), (8 bytes).
    Removing stm32f4xx_ll_rcc.o(.text.LL_RCC_PLLI2S_GetN), (16 bytes).
    Removing stm32f4xx_ll_rcc.o(.ARM.exidx.text.LL_RCC_PLLI2S_GetN), (8 bytes).
    Removing stm32f4xx_ll_rcc.o(.text.LL_RCC_PLLI2S_GetR), (16 bytes).
    Removing stm32f4xx_ll_rcc.o(.ARM.exidx.text.LL_RCC_PLLI2S_GetR), (8 bytes).
    Removing stm32f4xx_ll_utils.o(.text), (0 bytes).
    Removing stm32f4xx_ll_utils.o(.ARM.exidx.text.LL_Init1msTick), (8 bytes).
    Removing stm32f4xx_ll_utils.o(.ARM.exidx.text.LL_InitTick), (8 bytes).
    Removing stm32f4xx_ll_utils.o(.text.LL_mDelay), (74 bytes).
    Removing stm32f4xx_ll_utils.o(.ARM.exidx.text.LL_mDelay), (8 bytes).
    Removing stm32f4xx_ll_utils.o(.ARM.exidx.text.LL_SetSystemCoreClock), (8 bytes).
    Removing stm32f4xx_ll_utils.o(.text.LL_SetFlashLatency), (284 bytes).
    Removing stm32f4xx_ll_utils.o(.ARM.exidx.text.LL_SetFlashLatency), (8 bytes).
    Removing stm32f4xx_ll_utils.o(.text.LL_PWR_GetRegulVoltageScaling), (16 bytes).
    Removing stm32f4xx_ll_utils.o(.ARM.exidx.text.LL_PWR_GetRegulVoltageScaling), (8 bytes).
    Removing stm32f4xx_ll_utils.o(.text.LL_FLASH_SetLatency), (28 bytes).
    Removing stm32f4xx_ll_utils.o(.ARM.exidx.text.LL_FLASH_SetLatency), (8 bytes).
    Removing stm32f4xx_ll_utils.o(.text.LL_FLASH_GetLatency), (16 bytes).
    Removing stm32f4xx_ll_utils.o(.ARM.exidx.text.LL_FLASH_GetLatency), (8 bytes).
    Removing stm32f4xx_ll_utils.o(.text.LL_PLL_ConfigSystemClock_HSI), (114 bytes).
    Removing stm32f4xx_ll_utils.o(.ARM.exidx.text.LL_PLL_ConfigSystemClock_HSI), (8 bytes).
    Removing stm32f4xx_ll_utils.o(.text.UTILS_PLL_IsBusy), (50 bytes).
    Removing stm32f4xx_ll_utils.o(.ARM.exidx.text.UTILS_PLL_IsBusy), (8 bytes).
    Removing stm32f4xx_ll_utils.o(.text.UTILS_GetPLLOutputFrequency), (64 bytes).
    Removing stm32f4xx_ll_utils.o(.ARM.exidx.text.UTILS_GetPLLOutputFrequency), (8 bytes).
    Removing stm32f4xx_ll_utils.o(.text.LL_RCC_HSI_IsReady), (16 bytes).
    Removing stm32f4xx_ll_utils.o(.ARM.exidx.text.LL_RCC_HSI_IsReady), (8 bytes).
    Removing stm32f4xx_ll_utils.o(.text.LL_RCC_HSI_Enable), (18 bytes).
    Removing stm32f4xx_ll_utils.o(.ARM.exidx.text.LL_RCC_HSI_Enable), (8 bytes).
    Removing stm32f4xx_ll_utils.o(.text.LL_RCC_PLL_ConfigDomain_SYS), (62 bytes).
    Removing stm32f4xx_ll_utils.o(.ARM.exidx.text.LL_RCC_PLL_ConfigDomain_SYS), (8 bytes).
    Removing stm32f4xx_ll_utils.o(.text.UTILS_EnablePLLAndSwitchSystem), (194 bytes).
    Removing stm32f4xx_ll_utils.o(.ARM.exidx.text.UTILS_EnablePLLAndSwitchSystem), (8 bytes).
    Removing stm32f4xx_ll_utils.o(.text.LL_PLL_ConfigSystemClock_HSE), (134 bytes).
    Removing stm32f4xx_ll_utils.o(.ARM.exidx.text.LL_PLL_ConfigSystemClock_HSE), (8 bytes).
    Removing stm32f4xx_ll_utils.o(.text.LL_RCC_HSE_IsReady), (16 bytes).
    Removing stm32f4xx_ll_utils.o(.ARM.exidx.text.LL_RCC_HSE_IsReady), (8 bytes).
    Removing stm32f4xx_ll_utils.o(.text.LL_RCC_HSE_EnableBypass), (18 bytes).
    Removing stm32f4xx_ll_utils.o(.ARM.exidx.text.LL_RCC_HSE_EnableBypass), (8 bytes).
    Removing stm32f4xx_ll_utils.o(.text.LL_RCC_HSE_DisableBypass), (18 bytes).
    Removing stm32f4xx_ll_utils.o(.ARM.exidx.text.LL_RCC_HSE_DisableBypass), (8 bytes).
    Removing stm32f4xx_ll_utils.o(.text.LL_RCC_HSE_Enable), (18 bytes).
    Removing stm32f4xx_ll_utils.o(.ARM.exidx.text.LL_RCC_HSE_Enable), (8 bytes).
    Removing stm32f4xx_ll_utils.o(.text.LL_RCC_PLL_IsReady), (16 bytes).
    Removing stm32f4xx_ll_utils.o(.ARM.exidx.text.LL_RCC_PLL_IsReady), (8 bytes).
    Removing stm32f4xx_ll_utils.o(.text.LL_RCC_PLLI2S_IsReady), (16 bytes).
    Removing stm32f4xx_ll_utils.o(.ARM.exidx.text.LL_RCC_PLLI2S_IsReady), (8 bytes).
    Removing stm32f4xx_ll_utils.o(.text.LL_RCC_PLL_Enable), (18 bytes).
    Removing stm32f4xx_ll_utils.o(.ARM.exidx.text.LL_RCC_PLL_Enable), (8 bytes).
    Removing stm32f4xx_ll_utils.o(.text.LL_RCC_SetAHBPrescaler), (28 bytes).
    Removing stm32f4xx_ll_utils.o(.ARM.exidx.text.LL_RCC_SetAHBPrescaler), (8 bytes).
    Removing stm32f4xx_ll_utils.o(.text.LL_RCC_SetSysClkSource), (28 bytes).
    Removing stm32f4xx_ll_utils.o(.ARM.exidx.text.LL_RCC_SetSysClkSource), (8 bytes).
    Removing stm32f4xx_ll_utils.o(.text.LL_RCC_GetSysClkSource), (16 bytes).
    Removing stm32f4xx_ll_utils.o(.ARM.exidx.text.LL_RCC_GetSysClkSource), (8 bytes).
    Removing stm32f4xx_ll_utils.o(.text.LL_RCC_SetAPB1Prescaler), (28 bytes).
    Removing stm32f4xx_ll_utils.o(.ARM.exidx.text.LL_RCC_SetAPB1Prescaler), (8 bytes).
    Removing stm32f4xx_ll_utils.o(.text.LL_RCC_SetAPB2Prescaler), (28 bytes).
    Removing stm32f4xx_ll_utils.o(.ARM.exidx.text.LL_RCC_SetAPB2Prescaler), (8 bytes).
    Removing stm32f4xx_ll_exti.o(.text), (0 bytes).
    Removing stm32f4xx_ll_exti.o(.text.LL_EXTI_DeInit), (68 bytes).
    Removing stm32f4xx_ll_exti.o(.ARM.exidx.text.LL_EXTI_DeInit), (8 bytes).
    Removing stm32f4xx_ll_exti.o(.text.LL_EXTI_Init), (254 bytes).
    Removing stm32f4xx_ll_exti.o(.ARM.exidx.text.LL_EXTI_Init), (8 bytes).
    Removing stm32f4xx_ll_exti.o(.text.LL_EXTI_DisableEvent_0_31), (24 bytes).
    Removing stm32f4xx_ll_exti.o(.ARM.exidx.text.LL_EXTI_DisableEvent_0_31), (8 bytes).
    Removing stm32f4xx_ll_exti.o(.text.LL_EXTI_EnableIT_0_31), (24 bytes).
    Removing stm32f4xx_ll_exti.o(.ARM.exidx.text.LL_EXTI_EnableIT_0_31), (8 bytes).
    Removing stm32f4xx_ll_exti.o(.text.LL_EXTI_DisableIT_0_31), (24 bytes).
    Removing stm32f4xx_ll_exti.o(.ARM.exidx.text.LL_EXTI_DisableIT_0_31), (8 bytes).
    Removing stm32f4xx_ll_exti.o(.text.LL_EXTI_EnableEvent_0_31), (24 bytes).
    Removing stm32f4xx_ll_exti.o(.ARM.exidx.text.LL_EXTI_EnableEvent_0_31), (8 bytes).
    Removing stm32f4xx_ll_exti.o(.text.LL_EXTI_DisableFallingTrig_0_31), (24 bytes).
    Removing stm32f4xx_ll_exti.o(.ARM.exidx.text.LL_EXTI_DisableFallingTrig_0_31), (8 bytes).
    Removing stm32f4xx_ll_exti.o(.text.LL_EXTI_EnableRisingTrig_0_31), (24 bytes).
    Removing stm32f4xx_ll_exti.o(.ARM.exidx.text.LL_EXTI_EnableRisingTrig_0_31), (8 bytes).
    Removing stm32f4xx_ll_exti.o(.text.LL_EXTI_DisableRisingTrig_0_31), (24 bytes).
    Removing stm32f4xx_ll_exti.o(.ARM.exidx.text.LL_EXTI_DisableRisingTrig_0_31), (8 bytes).
    Removing stm32f4xx_ll_exti.o(.text.LL_EXTI_EnableFallingTrig_0_31), (24 bytes).
    Removing stm32f4xx_ll_exti.o(.ARM.exidx.text.LL_EXTI_EnableFallingTrig_0_31), (8 bytes).
    Removing stm32f4xx_ll_exti.o(.text.LL_EXTI_StructInit), (28 bytes).
    Removing stm32f4xx_ll_exti.o(.ARM.exidx.text.LL_EXTI_StructInit), (8 bytes).
    Removing stm32f4xx_ll_tim.o(.text), (0 bytes).
    Removing stm32f4xx_ll_tim.o(.text.LL_TIM_DeInit), (296 bytes).
    Removing stm32f4xx_ll_tim.o(.ARM.exidx.text.LL_TIM_DeInit), (8 bytes).
    Removing stm32f4xx_ll_tim.o(.text.LL_APB2_GRP1_ForceReset), (24 bytes).
    Removing stm32f4xx_ll_tim.o(.ARM.exidx.text.LL_APB2_GRP1_ForceReset), (8 bytes).
    Removing stm32f4xx_ll_tim.o(.text.LL_APB2_GRP1_ReleaseReset), (24 bytes).
    Removing stm32f4xx_ll_tim.o(.ARM.exidx.text.LL_APB2_GRP1_ReleaseReset), (8 bytes).
    Removing stm32f4xx_ll_tim.o(.text.LL_APB1_GRP1_ForceReset), (24 bytes).
    Removing stm32f4xx_ll_tim.o(.ARM.exidx.text.LL_APB1_GRP1_ForceReset), (8 bytes).
    Removing stm32f4xx_ll_tim.o(.text.LL_APB1_GRP1_ReleaseReset), (24 bytes).
    Removing stm32f4xx_ll_tim.o(.ARM.exidx.text.LL_APB1_GRP1_ReleaseReset), (8 bytes).
    Removing stm32f4xx_ll_tim.o(.text.LL_TIM_StructInit), (34 bytes).
    Removing stm32f4xx_ll_tim.o(.ARM.exidx.text.LL_TIM_StructInit), (8 bytes).
    Removing stm32f4xx_ll_tim.o(.text.LL_TIM_Init), (302 bytes).
    Removing stm32f4xx_ll_tim.o(.ARM.exidx.text.LL_TIM_Init), (8 bytes).
    Removing stm32f4xx_ll_tim.o(.text.LL_TIM_SetAutoReload), (16 bytes).
    Removing stm32f4xx_ll_tim.o(.ARM.exidx.text.LL_TIM_SetAutoReload), (8 bytes).
    Removing stm32f4xx_ll_tim.o(.text.LL_TIM_SetPrescaler), (16 bytes).
    Removing stm32f4xx_ll_tim.o(.ARM.exidx.text.LL_TIM_SetPrescaler), (8 bytes).
    Removing stm32f4xx_ll_tim.o(.text.LL_TIM_SetRepetitionCounter), (16 bytes).
    Removing stm32f4xx_ll_tim.o(.ARM.exidx.text.LL_TIM_SetRepetitionCounter), (8 bytes).
    Removing stm32f4xx_ll_tim.o(.text.LL_TIM_GenerateEvent_UPDATE), (18 bytes).
    Removing stm32f4xx_ll_tim.o(.ARM.exidx.text.LL_TIM_GenerateEvent_UPDATE), (8 bytes).
    Removing stm32f4xx_ll_tim.o(.text.LL_TIM_OC_StructInit), (42 bytes).
    Removing stm32f4xx_ll_tim.o(.ARM.exidx.text.LL_TIM_OC_StructInit), (8 bytes).
    Removing stm32f4xx_ll_tim.o(.text.LL_TIM_OC_Init), (120 bytes).
    Removing stm32f4xx_ll_tim.o(.ARM.exidx.text.LL_TIM_OC_Init), (8 bytes).
    Removing stm32f4xx_ll_tim.o(.text.OC1Config), (198 bytes).
    Removing stm32f4xx_ll_tim.o(.ARM.exidx.text.OC1Config), (8 bytes).
    Removing stm32f4xx_ll_tim.o(.text.OC2Config), (206 bytes).
    Removing stm32f4xx_ll_tim.o(.ARM.exidx.text.OC2Config), (8 bytes).
    Removing stm32f4xx_ll_tim.o(.text.OC3Config), (204 bytes).
    Removing stm32f4xx_ll_tim.o(.ARM.exidx.text.OC3Config), (8 bytes).
    Removing stm32f4xx_ll_tim.o(.text.OC4Config), (158 bytes).
    Removing stm32f4xx_ll_tim.o(.ARM.exidx.text.OC4Config), (8 bytes).
    Removing stm32f4xx_ll_tim.o(.text.LL_TIM_IC_StructInit), (30 bytes).
    Removing stm32f4xx_ll_tim.o(.ARM.exidx.text.LL_TIM_IC_StructInit), (8 bytes).
    Removing stm32f4xx_ll_tim.o(.text.LL_TIM_IC_Init), (120 bytes).
    Removing stm32f4xx_ll_tim.o(.ARM.exidx.text.LL_TIM_IC_Init), (8 bytes).
    Removing stm32f4xx_ll_tim.o(.text.IC1Config), (72 bytes).
    Removing stm32f4xx_ll_tim.o(.ARM.exidx.text.IC1Config), (8 bytes).
    Removing stm32f4xx_ll_tim.o(.text.IC2Config), (74 bytes).
    Removing stm32f4xx_ll_tim.o(.ARM.exidx.text.IC2Config), (8 bytes).
    Removing stm32f4xx_ll_tim.o(.text.IC3Config), (74 bytes).
    Removing stm32f4xx_ll_tim.o(.ARM.exidx.text.IC3Config), (8 bytes).
    Removing stm32f4xx_ll_tim.o(.text.IC4Config), (74 bytes).
    Removing stm32f4xx_ll_tim.o(.ARM.exidx.text.IC4Config), (8 bytes).
    Removing stm32f4xx_ll_tim.o(.text.LL_TIM_ENCODER_StructInit), (52 bytes).
    Removing stm32f4xx_ll_tim.o(.ARM.exidx.text.LL_TIM_ENCODER_StructInit), (8 bytes).
    Removing stm32f4xx_ll_tim.o(.text.LL_TIM_ENCODER_Init), (178 bytes).
    Removing stm32f4xx_ll_tim.o(.ARM.exidx.text.LL_TIM_ENCODER_Init), (8 bytes).
    Removing stm32f4xx_ll_tim.o(.text.LL_TIM_SetEncoderMode), (26 bytes).
    Removing stm32f4xx_ll_tim.o(.ARM.exidx.text.LL_TIM_SetEncoderMode), (8 bytes).
    Removing stm32f4xx_ll_tim.o(.text.LL_TIM_HALLSENSOR_StructInit), (26 bytes).
    Removing stm32f4xx_ll_tim.o(.ARM.exidx.text.LL_TIM_HALLSENSOR_StructInit), (8 bytes).
    Removing stm32f4xx_ll_tim.o(.text.LL_TIM_HALLSENSOR_Init), (200 bytes).
    Removing stm32f4xx_ll_tim.o(.ARM.exidx.text.LL_TIM_HALLSENSOR_Init), (8 bytes).
    Removing stm32f4xx_ll_tim.o(.text.LL_TIM_OC_SetCompareCH2), (16 bytes).
    Removing stm32f4xx_ll_tim.o(.ARM.exidx.text.LL_TIM_OC_SetCompareCH2), (8 bytes).
    Removing stm32f4xx_ll_tim.o(.text.LL_TIM_BDTR_StructInit), (38 bytes).
    Removing stm32f4xx_ll_tim.o(.ARM.exidx.text.LL_TIM_BDTR_StructInit), (8 bytes).
    Removing stm32f4xx_ll_tim.o(.text.LL_TIM_BDTR_Init), (112 bytes).
    Removing stm32f4xx_ll_tim.o(.ARM.exidx.text.LL_TIM_BDTR_Init), (8 bytes).
    Removing stm32f4xx_ll_tim.o(.text.LL_TIM_OC_SetCompareCH1), (16 bytes).
    Removing stm32f4xx_ll_tim.o(.ARM.exidx.text.LL_TIM_OC_SetCompareCH1), (8 bytes).
    Removing stm32f4xx_ll_tim.o(.text.LL_TIM_OC_SetCompareCH3), (16 bytes).
    Removing stm32f4xx_ll_tim.o(.ARM.exidx.text.LL_TIM_OC_SetCompareCH3), (8 bytes).
    Removing stm32f4xx_ll_tim.o(.text.LL_TIM_OC_SetCompareCH4), (16 bytes).
    Removing stm32f4xx_ll_tim.o(.ARM.exidx.text.LL_TIM_OC_SetCompareCH4), (8 bytes).
    Removing system_stm32f4xx.o(.text), (0 bytes).
    Removing system_stm32f4xx.o(.ARM.exidx.text.SystemInit), (8 bytes).
    Removing system_stm32f4xx.o(.text.SystemCoreClockUpdate), (288 bytes).
    Removing system_stm32f4xx.o(.ARM.exidx.text.SystemCoreClockUpdate), (8 bytes).
    Removing system_stm32f4xx.o(.rodata.AHBPrescTable), (16 bytes).
    Removing system_stm32f4xx.o(.rodata.APBPrescTable), (8 bytes).
    Removing hw_init.o(.text), (0 bytes).
    Removing hw_init.o(.text.GPIO_PWM_UsrInit), (100 bytes).
    Removing hw_init.o(.ARM.exidx.text.GPIO_PWM_UsrInit), (8 bytes).
    Removing hw_init.o(.text.LL_AHB1_GRP1_EnableClock), (34 bytes).
    Removing hw_init.o(.ARM.exidx.text.LL_AHB1_GRP1_EnableClock), (8 bytes).
    Removing hw_init.o(.text.GPIO_Button_Bed_Init), (56 bytes).
    Removing hw_init.o(.ARM.exidx.text.GPIO_Button_Bed_Init), (8 bytes).
    Removing hw_init.o(.text.GPIO_Button_Table_Init), (54 bytes).
    Removing hw_init.o(.ARM.exidx.text.GPIO_Button_Table_Init), (8 bytes).
    Removing hw_init.o(.text.GPIO_Button_Room_Init), (56 bytes).
    Removing hw_init.o(.ARM.exidx.text.GPIO_Button_Room_Init), (8 bytes).
    Removing hw_init.o(.text.GPIO_Motion_Sensor_Init), (54 bytes).
    Removing hw_init.o(.ARM.exidx.text.GPIO_Motion_Sensor_Init), (8 bytes).
    Removing hw_init.o(.text.GPIO_Button_Encoder_Init), (52 bytes).
    Removing hw_init.o(.ARM.exidx.text.GPIO_Button_Encoder_Init), (8 bytes).
    Removing hw_init.o(.text.GPIO_ADC_Init), (52 bytes).
    Removing hw_init.o(.ARM.exidx.text.GPIO_ADC_Init), (8 bytes).
    Removing hw_init.o(.text.IT_BUTTONS_Init), (172 bytes).
    Removing hw_init.o(.ARM.exidx.text.IT_BUTTONS_Init), (8 bytes).
    Removing hw_init.o(.text.LL_SYSCFG_SetEXTISource), (100 bytes).
    Removing hw_init.o(.ARM.exidx.text.LL_SYSCFG_SetEXTISource), (8 bytes).
    Removing hw_init.o(.text.LL_EXTI_EnableIT_0_31), (24 bytes).
    Removing hw_init.o(.ARM.exidx.text.LL_EXTI_EnableIT_0_31), (8 bytes).
    Removing hw_init.o(.text.__NVIC_SetPriority), (66 bytes).
    Removing hw_init.o(.ARM.exidx.text.__NVIC_SetPriority), (8 bytes).
    Removing hw_init.o(.text.__NVIC_EnableIRQ), (48 bytes).
    Removing hw_init.o(.ARM.exidx.text.__NVIC_EnableIRQ), (8 bytes).
    Removing hw_init.o(.text.IT_Motion_Sens_Init), (80 bytes).
    Removing hw_init.o(.ARM.exidx.text.IT_Motion_Sens_Init), (8 bytes).
    Removing hw_init.o(.text.SYSCFG_Usr_Init), (12 bytes).
    Removing hw_init.o(.ARM.exidx.text.SYSCFG_Usr_Init), (8 bytes).
    Removing hw_init.o(.text.LL_APB2_GRP1_EnableClock), (34 bytes).
    Removing hw_init.o(.ARM.exidx.text.LL_APB2_GRP1_EnableClock), (8 bytes).
    Removing hw_init.o(.text.SysTick_UsrInit), (66 bytes).
    Removing hw_init.o(.ARM.exidx.text.SysTick_UsrInit), (8 bytes).
    Removing hw_init.o(.text.PWM_Timer_UsrInit), (274 bytes).
    Removing hw_init.o(.ARM.exidx.text.PWM_Timer_UsrInit), (8 bytes).
    Removing hw_init.o(.text.LL_APB1_GRP1_EnableClock), (34 bytes).
    Removing hw_init.o(.ARM.exidx.text.LL_APB1_GRP1_EnableClock), (8 bytes).
    Removing hw_init.o(.text.LL_TIM_SetPrescaler), (16 bytes).
    Removing hw_init.o(.ARM.exidx.text.LL_TIM_SetPrescaler), (8 bytes).
    Removing hw_init.o(.text.LL_TIM_SetAutoReload), (16 bytes).
    Removing hw_init.o(.ARM.exidx.text.LL_TIM_SetAutoReload), (8 bytes).
    Removing hw_init.o(.text.LL_TIM_SetCounterMode), (26 bytes).
    Removing hw_init.o(.ARM.exidx.text.LL_TIM_SetCounterMode), (8 bytes).
    Removing hw_init.o(.text.LL_TIM_OC_SetMode), (186 bytes).
    Removing hw_init.o(.ARM.exidx.text.LL_TIM_OC_SetMode), (8 bytes).
    Removing hw_init.o(.text.LL_TIM_OC_SetCompareCH1), (16 bytes).
    Removing hw_init.o(.ARM.exidx.text.LL_TIM_OC_SetCompareCH1), (8 bytes).
    Removing hw_init.o(.text.LL_TIM_OC_SetCompareCH2), (16 bytes).
    Removing hw_init.o(.ARM.exidx.text.LL_TIM_OC_SetCompareCH2), (8 bytes).
    Removing hw_init.o(.text.LL_TIM_OC_SetCompareCH3), (16 bytes).
    Removing hw_init.o(.ARM.exidx.text.LL_TIM_OC_SetCompareCH3), (8 bytes).
    Removing hw_init.o(.text.LL_TIM_OC_EnablePreload), (178 bytes).
    Removing hw_init.o(.ARM.exidx.text.LL_TIM_OC_EnablePreload), (8 bytes).
    Removing hw_init.o(.text.LL_TIM_OC_SetPolarity), (164 bytes).
    Removing hw_init.o(.ARM.exidx.text.LL_TIM_OC_SetPolarity), (8 bytes).
    Removing hw_init.o(.text.LL_TIM_CC_EnableChannel), (20 bytes).
    Removing hw_init.o(.ARM.exidx.text.LL_TIM_CC_EnableChannel), (8 bytes).
    Removing hw_init.o(.text.LL_TIM_EnableARRPreload), (18 bytes).
    Removing hw_init.o(.ARM.exidx.text.LL_TIM_EnableARRPreload), (8 bytes).
    Removing hw_init.o(.text.LL_TIM_GenerateEvent_UPDATE), (18 bytes).
    Removing hw_init.o(.ARM.exidx.text.LL_TIM_GenerateEvent_UPDATE), (8 bytes).
    Removing hw_init.o(.text.LL_TIM_EnableCounter), (18 bytes).
    Removing hw_init.o(.ARM.exidx.text.LL_TIM_EnableCounter), (8 bytes).
    Removing hw_init.o(.text.ADC1_Init), (116 bytes).
    Removing hw_init.o(.ARM.exidx.text.ADC1_Init), (8 bytes).
    Removing hw_init.o(.text.LL_ADC_REG_SetSequencerRanks), (104 bytes).
    Removing hw_init.o(.ARM.exidx.text.LL_ADC_REG_SetSequencerRanks), (8 bytes).
    Removing hw_init.o(.text.LL_ADC_SetChannelSamplingTime), (202 bytes).
    Removing hw_init.o(.ARM.exidx.text.LL_ADC_SetChannelSamplingTime), (8 bytes).
    Removing hw_init.o(.text.LL_ADC_Enable), (18 bytes).
    Removing hw_init.o(.ARM.exidx.text.LL_ADC_Enable), (8 bytes).
    Removing hw_init.o(.rodata.OFFSET_TAB_CCMRx), (7 bytes).
    Removing hw_init.o(.rodata.SHIFT_TAB_OCxx), (7 bytes).
    Removing hw_init.o(.rodata.SHIFT_TAB_CCxP), (7 bytes).
    Removing state_handler.o(.text), (0 bytes).
    Removing state_handler.o(.ARM.exidx.text.button_debounce), (8 bytes).
    Removing state_handler.o(.ARM.exidx.text.LL_GPIO_IsInputPinSet), (8 bytes).
    Removing it_handlers.o(.text), (0 bytes).
    Removing it_handlers.o(.ARM.exidx.text.EXTI1_IRQHandler), (8 bytes).
    Removing it_handlers.o(.ARM.exidx.text.LL_EXTI_IsActiveFlag_0_31), (8 bytes).
    Removing it_handlers.o(.ARM.exidx.text.LL_EXTI_ClearFlag_0_31), (8 bytes).
    Removing it_handlers.o(.ARM.exidx.text.EXTI2_IRQHandler), (8 bytes).
    Removing it_handlers.o(.ARM.exidx.text.EXTI3_IRQHandler), (8 bytes).
    Removing it_handlers.o(.ARM.exidx.text.EXTI4_IRQHandler), (8 bytes).
    Removing adc_logic.o(.text), (0 bytes).
    Removing adc_logic.o(.ARM.exidx.text.encoder_task), (8 bytes).
    Removing adc_logic.o(.ARM.exidx.text.ADC_Read), (8 bytes).
    Removing adc_logic.o(.ARM.exidx.text.map), (8 bytes).
    Removing adc_logic.o(.ARM.exidx.text.LL_ADC_REG_StartConversionSWStart), (8 bytes).
    Removing adc_logic.o(.ARM.exidx.text.LL_ADC_IsActiveFlag_EOCS), (8 bytes).
    Removing adc_logic.o(.ARM.exidx.text.LL_ADC_REG_ReadConversionData12), (8 bytes).
    Removing adc_logic.o(.text.HSV_to_RGB), (476 bytes).
    Removing adc_logic.o(.ARM.exidx.text.HSV_to_RGB), (8 bytes).

441 unused section(s) (total 15143 bytes) removed from the image.

==============================================================================

Image Symbol Table

    Local Symbols

    Symbol Name                              Value     Ov Type        Size  Object(Section)

    ../clib/angel/boardlib.s                 0x00000000   Number         0  boardinit1.o ABSOLUTE
    ../clib/angel/boardlib.s                 0x00000000   Number         0  boardinit2.o ABSOLUTE
    ../clib/angel/boardlib.s                 0x00000000   Number         0  boardinit3.o ABSOLUTE
    ../clib/angel/boardlib.s                 0x00000000   Number         0  boardshut.o ABSOLUTE
    ../clib/angel/handlers.s                 0x00000000   Number         0  __scatter_copy.o ABSOLUTE
    ../clib/angel/handlers.s                 0x00000000   Number         0  __scatter_zi.o ABSOLUTE
    ../clib/angel/kernel.s                   0x00000000   Number         0  __rtentry.o ABSOLUTE
    ../clib/angel/kernel.s                   0x00000000   Number         0  __rtentry2.o ABSOLUTE
    ../clib/angel/kernel.s                   0x00000000   Number         0  __rtentry4.o ABSOLUTE
    ../clib/angel/kernel.s                   0x00000000   Number         0  rtexit.o ABSOLUTE
    ../clib/angel/kernel.s                   0x00000000   Number         0  rtexit2.o ABSOLUTE
    ../clib/angel/rt.s                       0x00000000   Number         0  rt_raise.o ABSOLUTE
    ../clib/angel/scatter.s                  0x00000000   Number         0  __scatter.o ABSOLUTE
    ../clib/angel/startup.s                  0x00000000   Number         0  __main.o ABSOLUTE
    ../clib/angel/sys.s                      0x00000000   Number         0  sys_stackheap_outer.o ABSOLUTE
    ../clib/angel/sys.s                      0x00000000   Number         0  libspace.o ABSOLUTE
    ../clib/angel/sys.s                      0x00000000   Number         0  use_no_semi.o ABSOLUTE
    ../clib/angel/sys.s                      0x00000000   Number         0  indicate_semi.o ABSOLUTE
    ../clib/angel/sysapp.c                   0x00000000   Number         0  sys_exit.o ABSOLUTE
    ../clib/angel/sysapp.c                   0x00000000   Number         0  sys_exit_hlt.o ABSOLUTE
    ../clib/angel/sysapp.c                   0x00000000   Number         0  sys_command.o ABSOLUTE
    ../clib/angel/sysapp.c                   0x00000000   Number         0  sys_command_hlt.o ABSOLUTE
    ../clib/angel/sysapp.c                   0x00000000   Number         0  sys_wrch.o ABSOLUTE
    ../clib/angel/sysapp.c                   0x00000000   Number         0  sys_wrch_hlt.o ABSOLUTE
    ../clib/armsys.c                         0x00000000   Number         0  argv_veneer.o ABSOLUTE
    ../clib/armsys.c                         0x00000000   Number         0  argv_veneer.o ABSOLUTE
    ../clib/armsys.c                         0x00000000   Number         0  _get_argv_nomalloc.o ABSOLUTE
    ../clib/armsys.c                         0x00000000   Number         0  no_argv.o ABSOLUTE
    ../clib/heapalloc.c                      0x00000000   Number         0  hrguard.o ABSOLUTE
    ../clib/heapaux.c                        0x00000000   Number         0  heapauxi.o ABSOLUTE
    ../clib/libinit.s                        0x00000000   Number         0  libinit.o ABSOLUTE
    ../clib/libinit.s                        0x00000000   Number         0  libinit2.o ABSOLUTE
    ../clib/libinit.s                        0x00000000   Number         0  libshutdown.o ABSOLUTE
    ../clib/libinit.s                        0x00000000   Number         0  libshutdown2.o ABSOLUTE
    ../clib/signal.c                         0x00000000   Number         0  defsig_rtmem_outer.o ABSOLUTE
    ../clib/signal.c                         0x00000000   Number         0  defsig_rtmem_formal.o ABSOLUTE
    ../clib/signal.c                         0x00000000   Number         0  defsig_exit.o ABSOLUTE
    ../clib/signal.c                         0x00000000   Number         0  defsig_rtmem_inner.o ABSOLUTE
    ../clib/signal.c                         0x00000000   Number         0  __raise.o ABSOLUTE
    ../clib/signal.c                         0x00000000   Number         0  defsig_general.o ABSOLUTE
    ../clib/signal.c                         0x00000000   Number         0  defsig_abrt_inner.o ABSOLUTE
    ../clib/signal.c                         0x00000000   Number         0  defsig_fpe_inner.o ABSOLUTE
    ../clib/signal.c                         0x00000000   Number         0  defsig_rtred_inner.o ABSOLUTE
    ../clib/signal.c                         0x00000000   Number         0  defsig_stak_inner.o ABSOLUTE
    ../clib/signal.c                         0x00000000   Number         0  defsig_pvfn_inner.o ABSOLUTE
    ../clib/signal.c                         0x00000000   Number         0  defsig_cppl_inner.o ABSOLUTE
    ../clib/signal.c                         0x00000000   Number         0  defsig_segv_inner.o ABSOLUTE
    ../clib/signal.c                         0x00000000   Number         0  defsig_other.o ABSOLUTE
    ../clib/signal.s                         0x00000000   Number         0  defsig.o ABSOLUTE
    ../clib/stdlib.c                         0x00000000   Number         0  exit.o ABSOLUTE
    ../fplib/fpinit.s                        0x00000000   Number         0  fpinit.o ABSOLUTE
    ADC_logic.c                              0x00000000   Number         0  adc_logic.o ABSOLUTE
    IT_handlers.c                            0x00000000   Number         0  it_handlers.o ABSOLUTE
    dc.s                                     0x00000000   Number         0  dc.o ABSOLUTE
    hw_init.c                                0x00000000   Number         0  hw_init.o ABSOLUTE
    main.c                                   0x00000000   Number         0  main.o ABSOLUTE
    startup_stm32f401xc.s                    0x00000000   Number         0  startup_stm32f401xc.o ABSOLUTE
    state_handler.c                          0x00000000   Number         0  state_handler.o ABSOLUTE
    stm32f4xx_it.c                           0x00000000   Number         0  stm32f4xx_it.o ABSOLUTE
    stm32f4xx_ll_adc.c                       0x00000000   Number         0  stm32f4xx_ll_adc.o ABSOLUTE
    stm32f4xx_ll_dma.c                       0x00000000   Number         0  stm32f4xx_ll_dma.o ABSOLUTE
    stm32f4xx_ll_exti.c                      0x00000000   Number         0  stm32f4xx_ll_exti.o ABSOLUTE
    stm32f4xx_ll_gpio.c                      0x00000000   Number         0  stm32f4xx_ll_gpio.o ABSOLUTE
    stm32f4xx_ll_rcc.c                       0x00000000   Number         0  stm32f4xx_ll_rcc.o ABSOLUTE
    stm32f4xx_ll_tim.c                       0x00000000   Number         0  stm32f4xx_ll_tim.o ABSOLUTE
    stm32f4xx_ll_utils.c                     0x00000000   Number         0  stm32f4xx_ll_utils.o ABSOLUTE
    system_stm32f4xx.c                       0x00000000   Number         0  system_stm32f4xx.o ABSOLUTE
    RESET                                    0x08000000   Section      404  startup_stm32f401xc.o(RESET)
    !!!main                                  0x08000194   Section        8  __main.o(!!!main)
    !!!scatter                               0x0800019c   Section       92  __scatter.o(!!!scatter)
    !!handler_copy                           0x080001f8   Section       26  __scatter_copy.o(!!handler_copy)
    !!handler_null                           0x08000214   Section        2  __scatter.o(!!handler_null)
    !!handler_zi                             0x08000218   Section       28  __scatter_zi.o(!!handler_zi)
    .ARM.Collect$$libinit$$00000000          0x08000234   Section        2  libinit.o(.ARM.Collect$$libinit$$00000000)
    .ARM.Collect$$libinit$$00000001          0x08000236   Section        4  libinit2.o(.ARM.Collect$$libinit$$00000001)
    .ARM.Collect$$libinit$$00000004          0x0800023a   Section        0  libinit2.o(.ARM.Collect$$libinit$$00000004)
    .ARM.Collect$$libinit$$00000006          0x0800023a   Section        0  libinit2.o(.ARM.Collect$$libinit$$00000006)
    .ARM.Collect$$libinit$$0000000C          0x0800023a   Section        0  libinit2.o(.ARM.Collect$$libinit$$0000000C)
    .ARM.Collect$$libinit$$0000000E          0x0800023a   Section        0  libinit2.o(.ARM.Collect$$libinit$$0000000E)
    .ARM.Collect$$libinit$$00000010          0x0800023a   Section        0  libinit2.o(.ARM.Collect$$libinit$$00000010)
    .ARM.Collect$$libinit$$00000013          0x0800023a   Section        0  libinit2.o(.ARM.Collect$$libinit$$00000013)
    .ARM.Collect$$libinit$$00000015          0x0800023a   Section        0  libinit2.o(.ARM.Collect$$libinit$$00000015)
    .ARM.Collect$$libinit$$00000017          0x0800023a   Section        0  libinit2.o(.ARM.Collect$$libinit$$00000017)
    .ARM.Collect$$libinit$$00000019          0x0800023a   Section        0  libinit2.o(.ARM.Collect$$libinit$$00000019)
    .ARM.Collect$$libinit$$0000001B          0x0800023a   Section        0  libinit2.o(.ARM.Collect$$libinit$$0000001B)
    .ARM.Collect$$libinit$$0000001D          0x0800023a   Section        0  libinit2.o(.ARM.Collect$$libinit$$0000001D)
    .ARM.Collect$$libinit$$0000001F          0x0800023a   Section        0  libinit2.o(.ARM.Collect$$libinit$$0000001F)
    .ARM.Collect$$libinit$$00000021          0x0800023a   Section        0  libinit2.o(.ARM.Collect$$libinit$$00000021)
    .ARM.Collect$$libinit$$00000023          0x0800023a   Section        0  libinit2.o(.ARM.Collect$$libinit$$00000023)
    .ARM.Collect$$libinit$$00000025          0x0800023a   Section        0  libinit2.o(.ARM.Collect$$libinit$$00000025)
    .ARM.Collect$$libinit$$00000027          0x0800023a   Section        0  libinit2.o(.ARM.Collect$$libinit$$00000027)
    .ARM.Collect$$libinit$$0000002E          0x0800023a   Section        0  libinit2.o(.ARM.Collect$$libinit$$0000002E)
    .ARM.Collect$$libinit$$00000030          0x0800023a   Section        0  libinit2.o(.ARM.Collect$$libinit$$00000030)
    .ARM.Collect$$libinit$$00000032          0x0800023a   Section        0  libinit2.o(.ARM.Collect$$libinit$$00000032)
    .ARM.Collect$$libinit$$00000034          0x0800023a   Section        0  libinit2.o(.ARM.Collect$$libinit$$00000034)
    .ARM.Collect$$libinit$$00000035          0x0800023a   Section        2  libinit2.o(.ARM.Collect$$libinit$$00000035)
    .ARM.Collect$$libshutdown$$00000000      0x0800023c   Section        2  libshutdown.o(.ARM.Collect$$libshutdown$$00000000)
    .ARM.Collect$$libshutdown$$00000002      0x0800023e   Section        0  libshutdown2.o(.ARM.Collect$$libshutdown$$00000002)
    .ARM.Collect$$libshutdown$$00000004      0x0800023e   Section        0  libshutdown2.o(.ARM.Collect$$libshutdown$$00000004)
    .ARM.Collect$$libshutdown$$00000007      0x0800023e   Section        0  libshutdown2.o(.ARM.Collect$$libshutdown$$00000007)
    .ARM.Collect$$libshutdown$$0000000A      0x0800023e   Section        0  libshutdown2.o(.ARM.Collect$$libshutdown$$0000000A)
    .ARM.Collect$$libshutdown$$0000000C      0x0800023e   Section        0  libshutdown2.o(.ARM.Collect$$libshutdown$$0000000C)
    .ARM.Collect$$libshutdown$$0000000F      0x0800023e   Section        0  libshutdown2.o(.ARM.Collect$$libshutdown$$0000000F)
    .ARM.Collect$$libshutdown$$00000010      0x0800023e   Section        2  libshutdown2.o(.ARM.Collect$$libshutdown$$00000010)
    .ARM.Collect$$rtentry$$00000000          0x08000240   Section        0  __rtentry.o(.ARM.Collect$$rtentry$$00000000)
    .ARM.Collect$$rtentry$$00000002          0x08000240   Section        0  __rtentry2.o(.ARM.Collect$$rtentry$$00000002)
    .ARM.Collect$$rtentry$$00000004          0x08000240   Section        6  __rtentry4.o(.ARM.Collect$$rtentry$$00000004)
    .ARM.Collect$$rtentry$$00000009          0x08000246   Section        0  __rtentry2.o(.ARM.Collect$$rtentry$$00000009)
    .ARM.Collect$$rtentry$$0000000A          0x08000246   Section        4  __rtentry2.o(.ARM.Collect$$rtentry$$0000000A)
    .ARM.Collect$$rtentry$$0000000C          0x0800024a   Section        0  __rtentry2.o(.ARM.Collect$$rtentry$$0000000C)
    .ARM.Collect$$rtentry$$0000000D          0x0800024a   Section        8  __rtentry2.o(.ARM.Collect$$rtentry$$0000000D)
    .ARM.Collect$$rtexit$$00000000           0x08000252   Section        2  rtexit.o(.ARM.Collect$$rtexit$$00000000)
    .ARM.Collect$$rtexit$$00000002           0x08000254   Section        0  rtexit2.o(.ARM.Collect$$rtexit$$00000002)
    .ARM.Collect$$rtexit$$00000003           0x08000254   Section        4  rtexit2.o(.ARM.Collect$$rtexit$$00000003)
    .ARM.Collect$$rtexit$$00000004           0x08000258   Section        6  rtexit2.o(.ARM.Collect$$rtexit$$00000004)
    $v0                                      0x08000260   Number         0  startup_stm32f401xc.o(.text)
    .text                                    0x08000260   Section       64  startup_stm32f401xc.o(.text)
    .text                                    0x080002a0   Section        0  heapauxi.o(.text)
    .text                                    0x080002a6   Section       74  sys_stackheap_outer.o(.text)
    .text                                    0x080002f0   Section        0  exit.o(.text)
    .text                                    0x08000304   Section        8  libspace.o(.text)
    .text                                    0x0800030c   Section        0  sys_exit.o(.text)
    .text                                    0x08000318   Section        2  use_no_semi.o(.text)
    .text                                    0x0800031a   Section        0  indicate_semi.o(.text)
    [Anonymous Symbol]                       0x0800031c   Section        0  adc_logic.o(.text.ADC_Read)
    [Anonymous Symbol]                       0x0800034c   Section        0  stm32f4xx_it.o(.text.BusFault_Handler)
    [Anonymous Symbol]                       0x08000350   Section        0  stm32f4xx_it.o(.text.DebugMon_Handler)
    [Anonymous Symbol]                       0x08000354   Section        0  it_handlers.o(.text.EXTI1_IRQHandler)
    [Anonymous Symbol]                       0x08000378   Section        0  it_handlers.o(.text.EXTI2_IRQHandler)
    [Anonymous Symbol]                       0x0800039c   Section        0  it_handlers.o(.text.EXTI3_IRQHandler)
    [Anonymous Symbol]                       0x080003c0   Section        0  it_handlers.o(.text.EXTI4_IRQHandler)
    [Anonymous Symbol]                       0x080003e4   Section        0  stm32f4xx_it.o(.text.HardFault_Handler)
    LL_ADC_IsActiveFlag_EOCS                 0x080003e9   Thumb Code    16  adc_logic.o(.text.LL_ADC_IsActiveFlag_EOCS)
    [Anonymous Symbol]                       0x080003e8   Section        0  adc_logic.o(.text.LL_ADC_IsActiveFlag_EOCS)
    LL_ADC_REG_ReadConversionData12          0x080003f9   Thumb Code    14  adc_logic.o(.text.LL_ADC_REG_ReadConversionData12)
    [Anonymous Symbol]                       0x080003f8   Section        0  adc_logic.o(.text.LL_ADC_REG_ReadConversionData12)
    LL_ADC_REG_StartConversionSWStart        0x08000409   Thumb Code    18  adc_logic.o(.text.LL_ADC_REG_StartConversionSWStart)
    [Anonymous Symbol]                       0x08000408   Section        0  adc_logic.o(.text.LL_ADC_REG_StartConversionSWStart)
    LL_APB1_GRP1_EnableClock                 0x0800041d   Thumb Code    34  main.o(.text.LL_APB1_GRP1_EnableClock)
    [Anonymous Symbol]                       0x0800041c   Section        0  main.o(.text.LL_APB1_GRP1_EnableClock)
    LL_APB2_GRP1_EnableClock                 0x08000441   Thumb Code    34  main.o(.text.LL_APB2_GRP1_EnableClock)
    [Anonymous Symbol]                       0x08000440   Section        0  main.o(.text.LL_APB2_GRP1_EnableClock)
    LL_EXTI_ClearFlag_0_31                   0x08000465   Thumb Code    20  it_handlers.o(.text.LL_EXTI_ClearFlag_0_31)
    [Anonymous Symbol]                       0x08000464   Section        0  it_handlers.o(.text.LL_EXTI_ClearFlag_0_31)
    LL_EXTI_IsActiveFlag_0_31                0x08000479   Thumb Code    30  it_handlers.o(.text.LL_EXTI_IsActiveFlag_0_31)
    [Anonymous Symbol]                       0x08000478   Section        0  it_handlers.o(.text.LL_EXTI_IsActiveFlag_0_31)
    LL_FLASH_GetLatency                      0x08000499   Thumb Code    16  main.o(.text.LL_FLASH_GetLatency)
    [Anonymous Symbol]                       0x08000498   Section        0  main.o(.text.LL_FLASH_GetLatency)
    LL_FLASH_SetLatency                      0x080004a9   Thumb Code    28  main.o(.text.LL_FLASH_SetLatency)
    [Anonymous Symbol]                       0x080004a8   Section        0  main.o(.text.LL_FLASH_SetLatency)
    LL_GPIO_IsInputPinSet                    0x080004c5   Thumb Code    26  state_handler.o(.text.LL_GPIO_IsInputPinSet)
    [Anonymous Symbol]                       0x080004c4   Section        0  state_handler.o(.text.LL_GPIO_IsInputPinSet)
    [Anonymous Symbol]                       0x080004e0   Section        0  stm32f4xx_ll_utils.o(.text.LL_Init1msTick)
    LL_InitTick                              0x080004f5   Thumb Code    54  stm32f4xx_ll_utils.o(.text.LL_InitTick)
    [Anonymous Symbol]                       0x080004f4   Section        0  stm32f4xx_ll_utils.o(.text.LL_InitTick)
    LL_PWR_IsActiveFlag_VOS                  0x0800052d   Thumb Code    16  main.o(.text.LL_PWR_IsActiveFlag_VOS)
    [Anonymous Symbol]                       0x0800052c   Section        0  main.o(.text.LL_PWR_IsActiveFlag_VOS)
    LL_PWR_SetRegulVoltageScaling            0x0800053d   Thumb Code    28  main.o(.text.LL_PWR_SetRegulVoltageScaling)
    [Anonymous Symbol]                       0x0800053c   Section        0  main.o(.text.LL_PWR_SetRegulVoltageScaling)
    LL_RCC_GetSysClkSource                   0x08000559   Thumb Code    16  main.o(.text.LL_RCC_GetSysClkSource)
    [Anonymous Symbol]                       0x08000558   Section        0  main.o(.text.LL_RCC_GetSysClkSource)
    LL_RCC_HSI_Enable                        0x08000569   Thumb Code    18  main.o(.text.LL_RCC_HSI_Enable)
    [Anonymous Symbol]                       0x08000568   Section        0  main.o(.text.LL_RCC_HSI_Enable)
    LL_RCC_HSI_IsReady                       0x0800057d   Thumb Code    16  main.o(.text.LL_RCC_HSI_IsReady)
    [Anonymous Symbol]                       0x0800057c   Section        0  main.o(.text.LL_RCC_HSI_IsReady)
    LL_RCC_HSI_SetCalibTrimming              0x0800058d   Thumb Code    30  main.o(.text.LL_RCC_HSI_SetCalibTrimming)
    [Anonymous Symbol]                       0x0800058c   Section        0  main.o(.text.LL_RCC_HSI_SetCalibTrimming)
    LL_RCC_PLL_ConfigDomain_SYS              0x080005ad   Thumb Code    62  main.o(.text.LL_RCC_PLL_ConfigDomain_SYS)
    [Anonymous Symbol]                       0x080005ac   Section        0  main.o(.text.LL_RCC_PLL_ConfigDomain_SYS)
    LL_RCC_PLL_Enable                        0x080005ed   Thumb Code    18  main.o(.text.LL_RCC_PLL_Enable)
    [Anonymous Symbol]                       0x080005ec   Section        0  main.o(.text.LL_RCC_PLL_Enable)
    LL_RCC_PLL_IsReady                       0x08000601   Thumb Code    16  main.o(.text.LL_RCC_PLL_IsReady)
    [Anonymous Symbol]                       0x08000600   Section        0  main.o(.text.LL_RCC_PLL_IsReady)
    LL_RCC_SetAHBPrescaler                   0x08000611   Thumb Code    28  main.o(.text.LL_RCC_SetAHBPrescaler)
    [Anonymous Symbol]                       0x08000610   Section        0  main.o(.text.LL_RCC_SetAHBPrescaler)
    LL_RCC_SetAPB1Prescaler                  0x0800062d   Thumb Code    28  main.o(.text.LL_RCC_SetAPB1Prescaler)
    [Anonymous Symbol]                       0x0800062c   Section        0  main.o(.text.LL_RCC_SetAPB1Prescaler)
    LL_RCC_SetAPB2Prescaler                  0x08000649   Thumb Code    28  main.o(.text.LL_RCC_SetAPB2Prescaler)
    [Anonymous Symbol]                       0x08000648   Section        0  main.o(.text.LL_RCC_SetAPB2Prescaler)
    LL_RCC_SetSysClkSource                   0x08000665   Thumb Code    28  main.o(.text.LL_RCC_SetSysClkSource)
    [Anonymous Symbol]                       0x08000664   Section        0  main.o(.text.LL_RCC_SetSysClkSource)
    LL_RCC_SetTIMPrescaler                   0x08000681   Thumb Code    28  main.o(.text.LL_RCC_SetTIMPrescaler)
    [Anonymous Symbol]                       0x08000680   Section        0  main.o(.text.LL_RCC_SetTIMPrescaler)
    [Anonymous Symbol]                       0x0800069c   Section        0  stm32f4xx_ll_utils.o(.text.LL_SetSystemCoreClock)
    [Anonymous Symbol]                       0x080006b0   Section        0  stm32f4xx_it.o(.text.MemManage_Handler)
    [Anonymous Symbol]                       0x080006b4   Section        0  stm32f4xx_it.o(.text.NMI_Handler)
    NVIC_EncodePriority                      0x080006b9   Thumb Code   108  main.o(.text.NVIC_EncodePriority)
    [Anonymous Symbol]                       0x080006b8   Section        0  main.o(.text.NVIC_EncodePriority)
    [Anonymous Symbol]                       0x08000724   Section        0  stm32f4xx_it.o(.text.PendSV_Handler)
    [Anonymous Symbol]                       0x08000728   Section        0  stm32f4xx_it.o(.text.SVC_Handler)
    [Anonymous Symbol]                       0x0800072c   Section        0  stm32f4xx_it.o(.text.SysTick_Handler)
    [Anonymous Symbol]                       0x08000758   Section        0  main.o(.text.SystemClock_Config)
    [Anonymous Symbol]                       0x08000808   Section        0  system_stm32f4xx.o(.text.SystemInit)
    [Anonymous Symbol]                       0x0800081c   Section        0  stm32f4xx_it.o(.text.UsageFault_Handler)
    __NVIC_GetPriorityGrouping               0x08000821   Thumb Code    16  main.o(.text.__NVIC_GetPriorityGrouping)
    [Anonymous Symbol]                       0x08000820   Section        0  main.o(.text.__NVIC_GetPriorityGrouping)
    __NVIC_SetPriority                       0x08000831   Thumb Code    66  main.o(.text.__NVIC_SetPriority)
    [Anonymous Symbol]                       0x08000830   Section        0  main.o(.text.__NVIC_SetPriority)
    __NVIC_SetPriorityGrouping               0x08000875   Thumb Code    60  main.o(.text.__NVIC_SetPriorityGrouping)
    [Anonymous Symbol]                       0x08000874   Section        0  main.o(.text.__NVIC_SetPriorityGrouping)
    [Anonymous Symbol]                       0x080008b0   Section        0  state_handler.o(.text.button_debounce)
    [Anonymous Symbol]                       0x080009a4   Section        0  adc_logic.o(.text.encoder_task)
    [Anonymous Symbol]                       0x08000a58   Section        0  main.o(.text.main)
    map                                      0x08000a99   Thumb Code    80  adc_logic.o(.text.map)
    [Anonymous Symbol]                       0x08000a98   Section        0  adc_logic.o(.text.map)
    $v0                                      0x08000ae8   Number         0  fpinit.o(x$fpl$fpinit)
    x$fpl$fpinit                             0x08000ae8   Section       26  fpinit.o(x$fpl$fpinit)
    .bss                                     0x20000058   Section       96  libspace.o(.bss)
    encoder_task.div                         0x200000be   Data           1  adc_logic.o(.bss.encoder_task.div)
    [Anonymous Symbol]                       0x200000be   Section        0  adc_logic.o(.bss.encoder_task.div)
    Heap_Mem                                 0x200000c0   Data         512  startup_stm32f401xc.o(HEAP)
    HEAP                                     0x200000c0   Section      512  startup_stm32f401xc.o(HEAP)
    Stack_Mem                                0x200002c0   Data        1024  startup_stm32f401xc.o(STACK)
    STACK                                    0x200002c0   Section     1024  startup_stm32f401xc.o(STACK)
    __initial_sp                             0x200006c0   Data           0  startup_stm32f401xc.o(STACK)

    Global Symbols

    Symbol Name                              Value     Ov Type        Size  Object(Section)

    BuildAttributes$$THM_ISAv4$E$P$D$K$B$S$7EM$VFPi3$EXTD16$VFPS$VFMA$PE$A:L22UL41UL21$X:L11$S22US41US21$IEEE1$IW$~IW$USESV6$~STKCKD$USESV7$~SHL$OSPACE$ROPI$EBA8$UX$STANDARDLIB$REQ8$PRES8$EABIv2 0x00000000   Number         0  anon$$obj.o ABSOLUTE
    __ARM_exceptions_init                     - Undefined Weak Reference
    __alloca_initialize                       - Undefined Weak Reference
    __arm_preinit_                            - Undefined Weak Reference
    __arm_relocate_pie_                       - Undefined Weak Reference
    __cpp_initialize__aeabi_                  - Undefined Weak Reference
    __cxa_finalize                            - Undefined Weak Reference
    __rt_locale                               - Undefined Weak Reference
    __sigvec_lookup                           - Undefined Weak Reference
    _atexit_init                              - Undefined Weak Reference
    _call_atexit_fns                          - Undefined Weak Reference
    _clock_init                               - Undefined Weak Reference
    _fp_trap_init                             - Undefined Weak Reference
    _fp_trap_shutdown                         - Undefined Weak Reference
    _get_lc_collate                           - Undefined Weak Reference
    _get_lc_ctype                             - Undefined Weak Reference
    _get_lc_monetary                          - Undefined Weak Reference
    _get_lc_numeric                           - Undefined Weak Reference
    _get_lc_time                              - Undefined Weak Reference
    _getenv_init                              - Undefined Weak Reference
    _handle_redirection                       - Undefined Weak Reference
    _init_alloc                               - Undefined Weak Reference
    _init_user_alloc                          - Undefined Weak Reference
    _initio                                   - Undefined Weak Reference
    _rand_init                                - Undefined Weak Reference
    _signal_finish                            - Undefined Weak Reference
    _signal_init                              - Undefined Weak Reference
    _terminate_alloc                          - Undefined Weak Reference
    _terminate_user_alloc                     - Undefined Weak Reference
    _terminateio                              - Undefined Weak Reference
    __Vectors_Size                           0x00000194   Number         0  startup_stm32f401xc.o ABSOLUTE
    __Vectors                                0x08000000   Data           4  startup_stm32f401xc.o(RESET)
    __Vectors_End                            0x08000194   Data           0  startup_stm32f401xc.o(RESET)
    __main                                   0x08000195   Thumb Code     8  __main.o(!!!main)
    __scatterload                            0x0800019d   Thumb Code     0  __scatter.o(!!!scatter)
    __scatterload_rt2                        0x0800019d   Thumb Code    84  __scatter.o(!!!scatter)
    __scatterload_rt2_thumb_only             0x0800019d   Thumb Code     0  __scatter.o(!!!scatter)
    __scatterload_loop                       0x080001a7   Thumb Code     0  __scatter.o(!!!scatter)
    __scatterload_copy                       0x080001f9   Thumb Code    26  __scatter_copy.o(!!handler_copy)
    __scatterload_null                       0x08000215   Thumb Code     2  __scatter.o(!!handler_null)
    __scatterload_zeroinit                   0x08000219   Thumb Code    28  __scatter_zi.o(!!handler_zi)
    __rt_lib_init                            0x08000235   Thumb Code     0  libinit.o(.ARM.Collect$$libinit$$00000000)
    __rt_lib_init_fp_1                       0x08000237   Thumb Code     0  libinit2.o(.ARM.Collect$$libinit$$00000001)
    __rt_lib_init_alloca_1                   0x0800023b   Thumb Code     0  libinit2.o(.ARM.Collect$$libinit$$00000030)
    __rt_lib_init_argv_1                     0x0800023b   Thumb Code     0  libinit2.o(.ARM.Collect$$libinit$$0000002E)
    __rt_lib_init_atexit_1                   0x0800023b   Thumb Code     0  libinit2.o(.ARM.Collect$$libinit$$0000001D)
    __rt_lib_init_clock_1                    0x0800023b   Thumb Code     0  libinit2.o(.ARM.Collect$$libinit$$00000023)
    __rt_lib_init_cpp_1                      0x0800023b   Thumb Code     0  libinit2.o(.ARM.Collect$$libinit$$00000034)
    __rt_lib_init_exceptions_1               0x0800023b   Thumb Code     0  libinit2.o(.ARM.Collect$$libinit$$00000032)
    __rt_lib_init_fp_trap_1                  0x0800023b   Thumb Code     0  libinit2.o(.ARM.Collect$$libinit$$00000021)
    __rt_lib_init_getenv_1                   0x0800023b   Thumb Code     0  libinit2.o(.ARM.Collect$$libinit$$00000025)
    __rt_lib_init_heap_1                     0x0800023b   Thumb Code     0  libinit2.o(.ARM.Collect$$libinit$$0000000C)
    __rt_lib_init_lc_collate_1               0x0800023b   Thumb Code     0  libinit2.o(.ARM.Collect$$libinit$$00000013)
    __rt_lib_init_lc_ctype_1                 0x0800023b   Thumb Code     0  libinit2.o(.ARM.Collect$$libinit$$00000015)
    __rt_lib_init_lc_monetary_1              0x0800023b   Thumb Code     0  libinit2.o(.ARM.Collect$$libinit$$00000017)
    __rt_lib_init_lc_numeric_1               0x0800023b   Thumb Code     0  libinit2.o(.ARM.Collect$$libinit$$00000019)
    __rt_lib_init_lc_time_1                  0x0800023b   Thumb Code     0  libinit2.o(.ARM.Collect$$libinit$$0000001B)
    __rt_lib_init_preinit_1                  0x0800023b   Thumb Code     0  libinit2.o(.ARM.Collect$$libinit$$00000006)
    __rt_lib_init_rand_1                     0x0800023b   Thumb Code     0  libinit2.o(.ARM.Collect$$libinit$$00000010)
    __rt_lib_init_relocate_pie_1             0x0800023b   Thumb Code     0  libinit2.o(.ARM.Collect$$libinit$$00000004)
    __rt_lib_init_return                     0x0800023b   Thumb Code     0  libinit2.o(.ARM.Collect$$libinit$$00000035)
    __rt_lib_init_signal_1                   0x0800023b   Thumb Code     0  libinit2.o(.ARM.Collect$$libinit$$0000001F)
    __rt_lib_init_stdio_1                    0x0800023b   Thumb Code     0  libinit2.o(.ARM.Collect$$libinit$$00000027)
    __rt_lib_init_user_alloc_1               0x0800023b   Thumb Code     0  libinit2.o(.ARM.Collect$$libinit$$0000000E)
    __rt_lib_shutdown                        0x0800023d   Thumb Code     0  libshutdown.o(.ARM.Collect$$libshutdown$$00000000)
    __rt_lib_shutdown_cpp_1                  0x0800023f   Thumb Code     0  libshutdown2.o(.ARM.Collect$$libshutdown$$00000002)
    __rt_lib_shutdown_fp_trap_1              0x0800023f   Thumb Code     0  libshutdown2.o(.ARM.Collect$$libshutdown$$00000007)
    __rt_lib_shutdown_heap_1                 0x0800023f   Thumb Code     0  libshutdown2.o(.ARM.Collect$$libshutdown$$0000000F)
    __rt_lib_shutdown_return                 0x0800023f   Thumb Code     0  libshutdown2.o(.ARM.Collect$$libshutdown$$00000010)
    __rt_lib_shutdown_signal_1               0x0800023f   Thumb Code     0  libshutdown2.o(.ARM.Collect$$libshutdown$$0000000A)
    __rt_lib_shutdown_stdio_1                0x0800023f   Thumb Code     0  libshutdown2.o(.ARM.Collect$$libshutdown$$00000004)
    __rt_lib_shutdown_user_alloc_1           0x0800023f   Thumb Code     0  libshutdown2.o(.ARM.Collect$$libshutdown$$0000000C)
    __rt_entry                               0x08000241   Thumb Code     0  __rtentry.o(.ARM.Collect$$rtentry$$00000000)
    __rt_entry_presh_1                       0x08000241   Thumb Code     0  __rtentry2.o(.ARM.Collect$$rtentry$$00000002)
    __rt_entry_sh                            0x08000241   Thumb Code     0  __rtentry4.o(.ARM.Collect$$rtentry$$00000004)
    __rt_entry_li                            0x08000247   Thumb Code     0  __rtentry2.o(.ARM.Collect$$rtentry$$0000000A)
    __rt_entry_postsh_1                      0x08000247   Thumb Code     0  __rtentry2.o(.ARM.Collect$$rtentry$$00000009)
    __rt_entry_main                          0x0800024b   Thumb Code     0  __rtentry2.o(.ARM.Collect$$rtentry$$0000000D)
    __rt_entry_postli_1                      0x0800024b   Thumb Code     0  __rtentry2.o(.ARM.Collect$$rtentry$$0000000C)
    __rt_exit                                0x08000253   Thumb Code     0  rtexit.o(.ARM.Collect$$rtexit$$00000000)
    __rt_exit_ls                             0x08000255   Thumb Code     0  rtexit2.o(.ARM.Collect$$rtexit$$00000003)
    __rt_exit_prels_1                        0x08000255   Thumb Code     0  rtexit2.o(.ARM.Collect$$rtexit$$00000002)
    __rt_exit_exit                           0x08000259   Thumb Code     0  rtexit2.o(.ARM.Collect$$rtexit$$00000004)
    Reset_Handler                            0x08000261   Thumb Code     8  startup_stm32f401xc.o(.text)
    ADC_IRQHandler                           0x0800027b   Thumb Code     0  startup_stm32f401xc.o(.text)
    DMA1_Stream0_IRQHandler                  0x0800027b   Thumb Code     0  startup_stm32f401xc.o(.text)
    DMA1_Stream1_IRQHandler                  0x0800027b   Thumb Code     0  startup_stm32f401xc.o(.text)
    DMA1_Stream2_IRQHandler                  0x0800027b   Thumb Code     0  startup_stm32f401xc.o(.text)
    DMA1_Stream3_IRQHandler                  0x0800027b   Thumb Code     0  startup_stm32f401xc.o(.text)
    DMA1_Stream4_IRQHandler                  0x0800027b   Thumb Code     0  startup_stm32f401xc.o(.text)
    DMA1_Stream5_IRQHandler                  0x0800027b   Thumb Code     0  startup_stm32f401xc.o(.text)
    DMA1_Stream6_IRQHandler                  0x0800027b   Thumb Code     0  startup_stm32f401xc.o(.text)
    DMA1_Stream7_IRQHandler                  0x0800027b   Thumb Code     0  startup_stm32f401xc.o(.text)
    DMA2_Stream0_IRQHandler                  0x0800027b   Thumb Code     0  startup_stm32f401xc.o(.text)
    DMA2_Stream1_IRQHandler                  0x0800027b   Thumb Code     0  startup_stm32f401xc.o(.text)
    DMA2_Stream2_IRQHandler                  0x0800027b   Thumb Code     0  startup_stm32f401xc.o(.text)
    DMA2_Stream3_IRQHandler                  0x0800027b   Thumb Code     0  startup_stm32f401xc.o(.text)
    DMA2_Stream4_IRQHandler                  0x0800027b   Thumb Code     0  startup_stm32f401xc.o(.text)
    DMA2_Stream5_IRQHandler                  0x0800027b   Thumb Code     0  startup_stm32f401xc.o(.text)
    DMA2_Stream6_IRQHandler                  0x0800027b   Thumb Code     0  startup_stm32f401xc.o(.text)
    DMA2_Stream7_IRQHandler                  0x0800027b   Thumb Code     0  startup_stm32f401xc.o(.text)
    EXTI0_IRQHandler                         0x0800027b   Thumb Code     0  startup_stm32f401xc.o(.text)
    EXTI15_10_IRQHandler                     0x0800027b   Thumb Code     0  startup_stm32f401xc.o(.text)
    EXTI9_5_IRQHandler                       0x0800027b   Thumb Code     0  startup_stm32f401xc.o(.text)
    FLASH_IRQHandler                         0x0800027b   Thumb Code     0  startup_stm32f401xc.o(.text)
    FPU_IRQHandler                           0x0800027b   Thumb Code     0  startup_stm32f401xc.o(.text)
    I2C1_ER_IRQHandler                       0x0800027b   Thumb Code     0  startup_stm32f401xc.o(.text)
    I2C1_EV_IRQHandler                       0x0800027b   Thumb Code     0  startup_stm32f401xc.o(.text)
    I2C2_ER_IRQHandler                       0x0800027b   Thumb Code     0  startup_stm32f401xc.o(.text)
    I2C2_EV_IRQHandler                       0x0800027b   Thumb Code     0  startup_stm32f401xc.o(.text)
    I2C3_ER_IRQHandler                       0x0800027b   Thumb Code     0  startup_stm32f401xc.o(.text)
    I2C3_EV_IRQHandler                       0x0800027b   Thumb Code     0  startup_stm32f401xc.o(.text)
    OTG_FS_IRQHandler                        0x0800027b   Thumb Code     0  startup_stm32f401xc.o(.text)
    OTG_FS_WKUP_IRQHandler                   0x0800027b   Thumb Code     0  startup_stm32f401xc.o(.text)
    PVD_IRQHandler                           0x0800027b   Thumb Code     0  startup_stm32f401xc.o(.text)
    RCC_IRQHandler                           0x0800027b   Thumb Code     0  startup_stm32f401xc.o(.text)
    RTC_Alarm_IRQHandler                     0x0800027b   Thumb Code     0  startup_stm32f401xc.o(.text)
    RTC_WKUP_IRQHandler                      0x0800027b   Thumb Code     0  startup_stm32f401xc.o(.text)
    SDIO_IRQHandler                          0x0800027b   Thumb Code     0  startup_stm32f401xc.o(.text)
    SPI1_IRQHandler                          0x0800027b   Thumb Code     0  startup_stm32f401xc.o(.text)
    SPI2_IRQHandler                          0x0800027b   Thumb Code     0  startup_stm32f401xc.o(.text)
    SPI3_IRQHandler                          0x0800027b   Thumb Code     0  startup_stm32f401xc.o(.text)
    SPI4_IRQHandler                          0x0800027b   Thumb Code     0  startup_stm32f401xc.o(.text)
    TAMP_STAMP_IRQHandler                    0x0800027b   Thumb Code     0  startup_stm32f401xc.o(.text)
    TIM1_BRK_TIM9_IRQHandler                 0x0800027b   Thumb Code     0  startup_stm32f401xc.o(.text)
    TIM1_CC_IRQHandler                       0x0800027b   Thumb Code     0  startup_stm32f401xc.o(.text)
    TIM1_TRG_COM_TIM11_IRQHandler            0x0800027b   Thumb Code     0  startup_stm32f401xc.o(.text)
    TIM1_UP_TIM10_IRQHandler                 0x0800027b   Thumb Code     0  startup_stm32f401xc.o(.text)
    TIM2_IRQHandler                          0x0800027b   Thumb Code     0  startup_stm32f401xc.o(.text)
    TIM3_IRQHandler                          0x0800027b   Thumb Code     0  startup_stm32f401xc.o(.text)
    TIM4_IRQHandler                          0x0800027b   Thumb Code     0  startup_stm32f401xc.o(.text)
    TIM5_IRQHandler                          0x0800027b   Thumb Code     0  startup_stm32f401xc.o(.text)
    USART1_IRQHandler                        0x0800027b   Thumb Code     0  startup_stm32f401xc.o(.text)
    USART2_IRQHandler                        0x0800027b   Thumb Code     0  startup_stm32f401xc.o(.text)
    USART6_IRQHandler                        0x0800027b   Thumb Code     0  startup_stm32f401xc.o(.text)
    WWDG_IRQHandler                          0x0800027b   Thumb Code     0  startup_stm32f401xc.o(.text)
    __user_initial_stackheap                 0x0800027d   Thumb Code     0  startup_stm32f401xc.o(.text)
    __use_two_region_memory                  0x080002a1   Thumb Code     2  heapauxi.o(.text)
    __rt_heap_escrow$2region                 0x080002a3   Thumb Code     2  heapauxi.o(.text)
    __rt_heap_expand$2region                 0x080002a5   Thumb Code     2  heapauxi.o(.text)
    __user_setup_stackheap                   0x080002a7   Thumb Code    74  sys_stackheap_outer.o(.text)
    exit                                     0x080002f1   Thumb Code    18  exit.o(.text)
    __user_libspace                          0x08000305   Thumb Code     8  libspace.o(.text)
    __user_perproc_libspace                  0x08000305   Thumb Code     0  libspace.o(.text)
    __user_perthread_libspace                0x08000305   Thumb Code     0  libspace.o(.text)
    _sys_exit                                0x0800030d   Thumb Code     8  sys_exit.o(.text)
    __I$use$semihosting                      0x08000319   Thumb Code     0  use_no_semi.o(.text)
    __use_no_semihosting_swi                 0x08000319   Thumb Code     2  use_no_semi.o(.text)
    __semihosting_library_function           0x0800031b   Thumb Code     0  indicate_semi.o(.text)
    ADC_Read                                 0x0800031d   Thumb Code    48  adc_logic.o(.text.ADC_Read)
    BusFault_Handler                         0x0800034d   Thumb Code     4  stm32f4xx_it.o(.text.BusFault_Handler)
    DebugMon_Handler                         0x08000351   Thumb Code     2  stm32f4xx_it.o(.text.DebugMon_Handler)
    EXTI1_IRQHandler                         0x08000355   Thumb Code    34  it_handlers.o(.text.EXTI1_IRQHandler)
    EXTI2_IRQHandler                         0x08000379   Thumb Code    34  it_handlers.o(.text.EXTI2_IRQHandler)
    EXTI3_IRQHandler                         0x0800039d   Thumb Code    34  it_handlers.o(.text.EXTI3_IRQHandler)
    EXTI4_IRQHandler                         0x080003c1   Thumb Code    34  it_handlers.o(.text.EXTI4_IRQHandler)
    HardFault_Handler                        0x080003e5   Thumb Code     4  stm32f4xx_it.o(.text.HardFault_Handler)
    LL_Init1msTick                           0x080004e1   Thumb Code    20  stm32f4xx_ll_utils.o(.text.LL_Init1msTick)
    LL_SetSystemCoreClock                    0x0800069d   Thumb Code    20  stm32f4xx_ll_utils.o(.text.LL_SetSystemCoreClock)
    MemManage_Handler                        0x080006b1   Thumb Code     4  stm32f4xx_it.o(.text.MemManage_Handler)
    NMI_Handler                              0x080006b5   Thumb Code     4  stm32f4xx_it.o(.text.NMI_Handler)
    PendSV_Handler                           0x08000725   Thumb Code     2  stm32f4xx_it.o(.text.PendSV_Handler)
    SVC_Handler                              0x08000729   Thumb Code     2  stm32f4xx_it.o(.text.SVC_Handler)
    SysTick_Handler                          0x0800072d   Thumb Code    44  stm32f4xx_it.o(.text.SysTick_Handler)
    SystemClock_Config                       0x08000759   Thumb Code   174  main.o(.text.SystemClock_Config)
    SystemInit                               0x08000809   Thumb Code    18  system_stm32f4xx.o(.text.SystemInit)
    UsageFault_Handler                       0x0800081d   Thumb Code     4  stm32f4xx_it.o(.text.UsageFault_Handler)
    button_debounce                          0x080008b1   Thumb Code   244  state_handler.o(.text.button_debounce)
    encoder_task                             0x080009a5   Thumb Code   178  adc_logic.o(.text.encoder_task)
    main                                     0x08000a59   Thumb Code    62  main.o(.text.main)
    _fp_init                                 0x08000ae9   Thumb Code    26  fpinit.o(x$fpl$fpinit)
    __fplib_config_fpu_vfp                   0x08000b01   Thumb Code     0  fpinit.o(x$fpl$fpinit)
    __fplib_config_pureend_doubles           0x08000b01   Thumb Code     0  fpinit.o(x$fpl$fpinit)
    Region$$Table$$Base                      0x08000b04   Number         0  anon$$obj.o(Region$$Table)
    Region$$Table$$Limit                     0x08000b24   Number         0  anon$$obj.o(Region$$Table)
    SystemCoreClock                          0x20000000   Data           4  system_stm32f4xx.o(.data.SystemCoreClock)
    btn_bed                                  0x20000004   Data          20  state_handler.o(.data.btn_bed)
    btn_encoder                              0x20000018   Data          20  state_handler.o(.data.btn_encoder)
    btn_room                                 0x2000002c   Data          20  state_handler.o(.data.btn_room)
    btn_table                                0x20000040   Data          20  state_handler.o(.data.btn_table)
    __libspace_start                         0x20000058   Data          96  libspace.o(.bss)
    __temporary_stack_top$libspace           0x200000b8   Data           0  libspace.o(.bss)
    adc_prev                                 0x200000b8   Data           2  adc_logic.o(.bss.adc_prev)
    brightness                               0x200000ba   Data           2  adc_logic.o(.bss.brightness)
    color                                    0x200000bc   Data           2  adc_logic.o(.bss.color)



==============================================================================

Memory Map of the image

  Image Entry point : 0x08000195

  Load Region LR_IROM1 (Base: 0x08000000, Size: 0x00000b80, Max: 0x00040000, ABSOLUTE)

    Execution Region ER_IROM1 (Exec base: 0x08000000, Load base: 0x08000000, Size: 0x00000b24, Max: 0x00040000, ABSOLUTE)

    Exec Addr    Load Addr    Size         Type   Attr      Idx    E Section Name        Object

    0x08000000   0x08000000   0x00000194   Data   RO            3    RESET               startup_stm32f401xc.o
    0x08000194   0x08000194   0x00000008   Code   RO          600  * !!!main             c_w.l(__main.o)
    0x0800019c   0x0800019c   0x0000005c   Code   RO          765    !!!scatter          c_w.l(__scatter.o)
    0x080001f8   0x080001f8   0x0000001a   Code   RO          769    !!handler_copy      c_w.l(__scatter_copy.o)
    0x08000212   0x08000212   0x00000002   PAD
    0x08000214   0x08000214   0x00000002   Code   RO          766    !!handler_null      c_w.l(__scatter.o)
    0x08000216   0x08000216   0x00000002   PAD
    0x08000218   0x08000218   0x0000001c   Code   RO          771    !!handler_zi        c_w.l(__scatter_zi.o)
    0x08000234   0x08000234   0x00000002   Code   RO          627    .ARM.Collect$$libinit$$00000000  c_w.l(libinit.o)
    0x08000236   0x08000236   0x00000004   Code   RO          633    .ARM.Collect$$libinit$$00000001  c_w.l(libinit2.o)
    0x0800023a   0x0800023a   0x00000000   Code   RO          636    .ARM.Collect$$libinit$$00000004  c_w.l(libinit2.o)
    0x0800023a   0x0800023a   0x00000000   Code   RO          638    .ARM.Collect$$libinit$$00000006  c_w.l(libinit2.o)
    0x0800023a   0x0800023a   0x00000000   Code   RO          641    .ARM.Collect$$libinit$$0000000C  c_w.l(libinit2.o)
    0x0800023a   0x0800023a   0x00000000   Code   RO          643    .ARM.Collect$$libinit$$0000000E  c_w.l(libinit2.o)
    0x0800023a   0x0800023a   0x00000000   Code   RO          645    .ARM.Collect$$libinit$$00000010  c_w.l(libinit2.o)
    0x0800023a   0x0800023a   0x00000000   Code   RO          648    .ARM.Collect$$libinit$$00000013  c_w.l(libinit2.o)
    0x0800023a   0x0800023a   0x00000000   Code   RO          650    .ARM.Collect$$libinit$$00000015  c_w.l(libinit2.o)
    0x0800023a   0x0800023a   0x00000000   Code   RO          652    .ARM.Collect$$libinit$$00000017  c_w.l(libinit2.o)
    0x0800023a   0x0800023a   0x00000000   Code   RO          654    .ARM.Collect$$libinit$$00000019  c_w.l(libinit2.o)
    0x0800023a   0x0800023a   0x00000000   Code   RO          656    .ARM.Collect$$libinit$$0000001B  c_w.l(libinit2.o)
    0x0800023a   0x0800023a   0x00000000   Code   RO          658    .ARM.Collect$$libinit$$0000001D  c_w.l(libinit2.o)
    0x0800023a   0x0800023a   0x00000000   Code   RO          660    .ARM.Collect$$libinit$$0000001F  c_w.l(libinit2.o)
    0x0800023a   0x0800023a   0x00000000   Code   RO          662    .ARM.Collect$$libinit$$00000021  c_w.l(libinit2.o)
    0x0800023a   0x0800023a   0x00000000   Code   RO          664    .ARM.Collect$$libinit$$00000023  c_w.l(libinit2.o)
    0x0800023a   0x0800023a   0x00000000   Code   RO          666    .ARM.Collect$$libinit$$00000025  c_w.l(libinit2.o)
    0x0800023a   0x0800023a   0x00000000   Code   RO          668    .ARM.Collect$$libinit$$00000027  c_w.l(libinit2.o)
    0x0800023a   0x0800023a   0x00000000   Code   RO          672    .ARM.Collect$$libinit$$0000002E  c_w.l(libinit2.o)
    0x0800023a   0x0800023a   0x00000000   Code   RO          674    .ARM.Collect$$libinit$$00000030  c_w.l(libinit2.o)
    0x0800023a   0x0800023a   0x00000000   Code   RO          676    .ARM.Collect$$libinit$$00000032  c_w.l(libinit2.o)
    0x0800023a   0x0800023a   0x00000000   Code   RO          678    .ARM.Collect$$libinit$$00000034  c_w.l(libinit2.o)
    0x0800023a   0x0800023a   0x00000002   Code   RO          679    .ARM.Collect$$libinit$$00000035  c_w.l(libinit2.o)
    0x0800023c   0x0800023c   0x00000002   Code   RO          701    .ARM.Collect$$libshutdown$$00000000  c_w.l(libshutdown.o)
    0x0800023e   0x0800023e   0x00000000   Code   RO          716    .ARM.Collect$$libshutdown$$00000002  c_w.l(libshutdown2.o)
    0x0800023e   0x0800023e   0x00000000   Code   RO          718    .ARM.Collect$$libshutdown$$00000004  c_w.l(libshutdown2.o)
    0x0800023e   0x0800023e   0x00000000   Code   RO          721    .ARM.Collect$$libshutdown$$00000007  c_w.l(libshutdown2.o)
    0x0800023e   0x0800023e   0x00000000   Code   RO          724    .ARM.Collect$$libshutdown$$0000000A  c_w.l(libshutdown2.o)
    0x0800023e   0x0800023e   0x00000000   Code   RO          726    .ARM.Collect$$libshutdown$$0000000C  c_w.l(libshutdown2.o)
    0x0800023e   0x0800023e   0x00000000   Code   RO          729    .ARM.Collect$$libshutdown$$0000000F  c_w.l(libshutdown2.o)
    0x0800023e   0x0800023e   0x00000002   Code   RO          730    .ARM.Collect$$libshutdown$$00000010  c_w.l(libshutdown2.o)
    0x08000240   0x08000240   0x00000000   Code   RO          602    .ARM.Collect$$rtentry$$00000000  c_w.l(__rtentry.o)
    0x08000240   0x08000240   0x00000000   Code   RO          604    .ARM.Collect$$rtentry$$00000002  c_w.l(__rtentry2.o)
    0x08000240   0x08000240   0x00000006   Code   RO          616    .ARM.Collect$$rtentry$$00000004  c_w.l(__rtentry4.o)
    0x08000246   0x08000246   0x00000000   Code   RO          606    .ARM.Collect$$rtentry$$00000009  c_w.l(__rtentry2.o)
    0x08000246   0x08000246   0x00000004   Code   RO          607    .ARM.Collect$$rtentry$$0000000A  c_w.l(__rtentry2.o)
    0x0800024a   0x0800024a   0x00000000   Code   RO          609    .ARM.Collect$$rtentry$$0000000C  c_w.l(__rtentry2.o)
    0x0800024a   0x0800024a   0x00000008   Code   RO          610    .ARM.Collect$$rtentry$$0000000D  c_w.l(__rtentry2.o)
    0x08000252   0x08000252   0x00000002   Code   RO          631    .ARM.Collect$$rtexit$$00000000  c_w.l(rtexit.o)
    0x08000254   0x08000254   0x00000000   Code   RO          681    .ARM.Collect$$rtexit$$00000002  c_w.l(rtexit2.o)
    0x08000254   0x08000254   0x00000004   Code   RO          682    .ARM.Collect$$rtexit$$00000003  c_w.l(rtexit2.o)
    0x08000258   0x08000258   0x00000006   Code   RO          683    .ARM.Collect$$rtexit$$00000004  c_w.l(rtexit2.o)
    0x0800025e   0x0800025e   0x00000002   PAD
    0x08000260   0x08000260   0x00000040   Code   RO            4    .text               startup_stm32f401xc.o
    0x080002a0   0x080002a0   0x00000006   Code   RO          598    .text               c_w.l(heapauxi.o)
    0x080002a6   0x080002a6   0x0000004a   Code   RO          618    .text               c_w.l(sys_stackheap_outer.o)
    0x080002f0   0x080002f0   0x00000012   Code   RO          620    .text               c_w.l(exit.o)
    0x08000302   0x08000302   0x00000002   PAD
    0x08000304   0x08000304   0x00000008   Code   RO          628    .text               c_w.l(libspace.o)
    0x0800030c   0x0800030c   0x0000000c   Code   RO          691    .text               c_w.l(sys_exit.o)
    0x08000318   0x08000318   0x00000002   Code   RO          706    .text               c_w.l(use_no_semi.o)
    0x0800031a   0x0800031a   0x00000000   Code   RO          708    .text               c_w.l(indicate_semi.o)
    0x0800031a   0x0800031a   0x00000002   PAD
    0x0800031c   0x0800031c   0x00000030   Code   RO          573    .text.ADC_Read      adc_logic.o
    0x0800034c   0x0800034c   0x00000004   Code   RO           75    .text.BusFault_Handler  stm32f4xx_it.o
    0x08000350   0x08000350   0x00000002   Code   RO           81    .text.DebugMon_Handler  stm32f4xx_it.o
    0x08000352   0x08000352   0x00000002   PAD
    0x08000354   0x08000354   0x00000022   Code   RO          552    .text.EXTI1_IRQHandler  it_handlers.o
    0x08000376   0x08000376   0x00000002   PAD
    0x08000378   0x08000378   0x00000022   Code   RO          558    .text.EXTI2_IRQHandler  it_handlers.o
    0x0800039a   0x0800039a   0x00000002   PAD
    0x0800039c   0x0800039c   0x00000022   Code   RO          560    .text.EXTI3_IRQHandler  it_handlers.o
    0x080003be   0x080003be   0x00000002   PAD
    0x080003c0   0x080003c0   0x00000022   Code   RO          562    .text.EXTI4_IRQHandler  it_handlers.o
    0x080003e2   0x080003e2   0x00000002   PAD
    0x080003e4   0x080003e4   0x00000004   Code   RO           71    .text.HardFault_Handler  stm32f4xx_it.o
    0x080003e8   0x080003e8   0x00000010   Code   RO          579    .text.LL_ADC_IsActiveFlag_EOCS  adc_logic.o
    0x080003f8   0x080003f8   0x0000000e   Code   RO          581    .text.LL_ADC_REG_ReadConversionData12  adc_logic.o
    0x08000406   0x08000406   0x00000002   PAD
    0x08000408   0x08000408   0x00000012   Code   RO          577    .text.LL_ADC_REG_StartConversionSWStart  adc_logic.o
    0x0800041a   0x0800041a   0x00000002   PAD
    0x0800041c   0x0800041c   0x00000022   Code   RO           15    .text.LL_APB1_GRP1_EnableClock  main.o
    0x0800043e   0x0800043e   0x00000002   PAD
    0x08000440   0x08000440   0x00000022   Code   RO           13    .text.LL_APB2_GRP1_EnableClock  main.o
    0x08000462   0x08000462   0x00000002   PAD
    0x08000464   0x08000464   0x00000014   Code   RO          556    .text.LL_EXTI_ClearFlag_0_31  it_handlers.o
    0x08000478   0x08000478   0x0000001e   Code   RO          554    .text.LL_EXTI_IsActiveFlag_0_31  it_handlers.o
    0x08000496   0x08000496   0x00000002   PAD
    0x08000498   0x08000498   0x00000010   Code   RO           29    .text.LL_FLASH_GetLatency  main.o
    0x080004a8   0x080004a8   0x0000001c   Code   RO           27    .text.LL_FLASH_SetLatency  main.o
    0x080004c4   0x080004c4   0x0000001a   Code   RO          539    .text.LL_GPIO_IsInputPinSet  state_handler.o
    0x080004de   0x080004de   0x00000002   PAD
    0x080004e0   0x080004e0   0x00000014   Code   RO          274    .text.LL_Init1msTick  stm32f4xx_ll_utils.o
    0x080004f4   0x080004f4   0x00000036   Code   RO          276    .text.LL_InitTick   stm32f4xx_ll_utils.o
    0x0800052a   0x0800052a   0x00000002   PAD
    0x0800052c   0x0800052c   0x00000010   Code   RO           45    .text.LL_PWR_IsActiveFlag_VOS  main.o
    0x0800053c   0x0800053c   0x0000001c   Code   RO           31    .text.LL_PWR_SetRegulVoltageScaling  main.o
    0x08000558   0x08000558   0x00000010   Code   RO           55    .text.LL_RCC_GetSysClkSource  main.o
    0x08000568   0x08000568   0x00000012   Code   RO           35    .text.LL_RCC_HSI_Enable  main.o
    0x0800057a   0x0800057a   0x00000002   PAD
    0x0800057c   0x0800057c   0x00000010   Code   RO           37    .text.LL_RCC_HSI_IsReady  main.o
    0x0800058c   0x0800058c   0x0000001e   Code   RO           33    .text.LL_RCC_HSI_SetCalibTrimming  main.o
    0x080005aa   0x080005aa   0x00000002   PAD
    0x080005ac   0x080005ac   0x0000003e   Code   RO           39    .text.LL_RCC_PLL_ConfigDomain_SYS  main.o
    0x080005ea   0x080005ea   0x00000002   PAD
    0x080005ec   0x080005ec   0x00000012   Code   RO           41    .text.LL_RCC_PLL_Enable  main.o
    0x080005fe   0x080005fe   0x00000002   PAD
    0x08000600   0x08000600   0x00000010   Code   RO           43    .text.LL_RCC_PLL_IsReady  main.o
    0x08000610   0x08000610   0x0000001c   Code   RO           47    .text.LL_RCC_SetAHBPrescaler  main.o
    0x0800062c   0x0800062c   0x0000001c   Code   RO           49    .text.LL_RCC_SetAPB1Prescaler  main.o
    0x08000648   0x08000648   0x0000001c   Code   RO           51    .text.LL_RCC_SetAPB2Prescaler  main.o
    0x08000664   0x08000664   0x0000001c   Code   RO           53    .text.LL_RCC_SetSysClkSource  main.o
    0x08000680   0x08000680   0x0000001c   Code   RO           57    .text.LL_RCC_SetTIMPrescaler  main.o
    0x0800069c   0x0800069c   0x00000014   Code   RO          280    .text.LL_SetSystemCoreClock  stm32f4xx_ll_utils.o
    0x080006b0   0x080006b0   0x00000004   Code   RO           73    .text.MemManage_Handler  stm32f4xx_it.o
    0x080006b4   0x080006b4   0x00000004   Code   RO           69    .text.NMI_Handler   stm32f4xx_it.o
    0x080006b8   0x080006b8   0x0000006c   Code   RO           21    .text.NVIC_EncodePriority  main.o
    0x08000724   0x08000724   0x00000002   Code   RO           83    .text.PendSV_Handler  stm32f4xx_it.o
    0x08000726   0x08000726   0x00000002   PAD
    0x08000728   0x08000728   0x00000002   Code   RO           79    .text.SVC_Handler   stm32f4xx_it.o
    0x0800072a   0x0800072a   0x00000002   PAD
    0x0800072c   0x0800072c   0x0000002c   Code   RO           85    .text.SysTick_Handler  stm32f4xx_it.o
    0x08000758   0x08000758   0x000000ae   Code   RO           25    .text.SystemClock_Config  main.o
    0x08000806   0x08000806   0x00000002   PAD
    0x08000808   0x08000808   0x00000012   Code   RO          441    .text.SystemInit    system_stm32f4xx.o
    0x0800081a   0x0800081a   0x00000002   PAD
    0x0800081c   0x0800081c   0x00000004   Code   RO           77    .text.UsageFault_Handler  stm32f4xx_it.o
    0x08000820   0x08000820   0x00000010   Code   RO           23    .text.__NVIC_GetPriorityGrouping  main.o
    0x08000830   0x08000830   0x00000042   Code   RO           19    .text.__NVIC_SetPriority  main.o
    0x08000872   0x08000872   0x00000002   PAD
    0x08000874   0x08000874   0x0000003c   Code   RO           17    .text.__NVIC_SetPriorityGrouping  main.o
    0x080008b0   0x080008b0   0x000000f4   Code   RO          537    .text.button_debounce  state_handler.o
    0x080009a4   0x080009a4   0x000000b2   Code   RO          571    .text.encoder_task  adc_logic.o
    0x08000a56   0x08000a56   0x00000002   PAD
    0x08000a58   0x08000a58   0x0000003e   Code   RO           11    .text.main          main.o
    0x08000a96   0x08000a96   0x00000002   PAD
    0x08000a98   0x08000a98   0x00000050   Code   RO          575    .text.map           adc_logic.o
    0x08000ae8   0x08000ae8   0x0000001a   Code   RO          689    x$fpl$fpinit        fz_wm.l(fpinit.o)
    0x08000b02   0x08000b02   0x00000002   PAD
    0x08000b04   0x08000b04   0x00000020   Data   RO          764    Region$$Table       anon$$obj.o


    Execution Region RW_IRAM1 (Exec base: 0x20000000, Load base: 0x08000b28, Size: 0x000006c0, Max: 0x00010000, ABSOLUTE)

    Exec Addr    Load Addr    Size         Type   Attr      Idx    E Section Name        Object

    0x20000000   0x08000b28   0x00000004   Data   RW          445    .data.SystemCoreClock  system_stm32f4xx.o
    0x20000004   0x08000b2c   0x00000014   Data   RW          543    .data.btn_bed       state_handler.o
    0x20000018   0x08000b40   0x00000014   Data   RW          544    .data.btn_encoder   state_handler.o
    0x2000002c   0x08000b54   0x00000014   Data   RW          542    .data.btn_room      state_handler.o
    0x20000040   0x08000b68   0x00000014   Data   RW          541    .data.btn_table     state_handler.o
    0x20000054   0x08000b7c   0x00000004   PAD
    0x20000058        -       0x00000060   Zero   RW          629    .bss                c_w.l(libspace.o)
    0x200000b8        -       0x00000002   Zero   RW          585    .bss.adc_prev       adc_logic.o
    0x200000ba        -       0x00000002   Zero   RW          586    .bss.brightness     adc_logic.o
    0x200000bc        -       0x00000002   Zero   RW          587    .bss.color          adc_logic.o
    0x200000be        -       0x00000001   Zero   RW          588    .bss.encoder_task.div  adc_logic.o
    0x200000bf   0x08000b7c   0x00000001   PAD
    0x200000c0        -       0x00000200   Zero   RW            2    HEAP                startup_stm32f401xc.o
    0x200002c0        -       0x00000400   Zero   RW            1    STACK               startup_stm32f401xc.o


==============================================================================

Image component sizes


      Code (inc. data)   RO Data    RW Data    ZI Data      Debug   Object Name

       354          0          0          0          7       2964   adc_logic.o
       186          0          0          0          0       1480   it_handlers.o
       958          0          0          0          0       7573   main.o
        64         26        404          0       1536        860   startup_stm32f401xc.o
       270          0          0         80          0       2146   state_handler.o
        70          0          0          0          0       1229   stm32f4xx_it.o
        94          0          0          0          0       6765   stm32f4xx_ll_utils.o
        18          0          0          4          0       2585   system_stm32f4xx.o

    ----------------------------------------------------------------------
      2060         26        436         84       1548      25602   Object Totals
         0          0         32          0          0          0   (incl. Generated)
        46          0          0          0          5          0   (incl. Padding)

    ----------------------------------------------------------------------

      Code (inc. data)   RO Data    RW Data    ZI Data      Debug   Library Member Name

         8          0          0          0          0         68   __main.o
         0          0          0          0          0          0   __rtentry.o
        12          0          0          0          0          0   __rtentry2.o
         6          0          0          0          0          0   __rtentry4.o
        94          8          0          0          0          0   __scatter.o
        26          0          0          0          0          0   __scatter_copy.o
        28          0          0          0          0          0   __scatter_zi.o
        18          0          0          0          0         80   exit.o
         6          0          0          0          0        152   heapauxi.o
         0          0          0          0          0          0   indicate_semi.o
         2          0          0          0          0          0   libinit.o
         6          0          0          0          0          0   libinit2.o
         2          0          0          0          0          0   libshutdown.o
         2          0          0          0          0          0   libshutdown2.o
         8          4          0          0         96         68   libspace.o
         2          0          0          0          0          0   rtexit.o
        10          0          0          0          0          0   rtexit2.o
        12          4          0          0          0         68   sys_exit.o
        74          0          0          0          0         80   sys_stackheap_outer.o
         2          0          0          0          0         68   use_no_semi.o
        26          0          0          0          0        116   fpinit.o

    ----------------------------------------------------------------------
       356         16          0          0         96        700   Library Totals
        12          0          0          0          0          0   (incl. Padding)

    ----------------------------------------------------------------------

      Code (inc. data)   RO Data    RW Data    ZI Data      Debug   Library Name

       318         16          0          0         96        584   c_w.l
        26          0          0          0          0        116   fz_wm.l

    ----------------------------------------------------------------------
       356         16          0          0         96        700   Library Totals

    ----------------------------------------------------------------------

==============================================================================


      Code (inc. data)   RO Data    RW Data    ZI Data      Debug   

      2416         42        436         84       1644      26094   Grand Totals
      2416         42        436         84       1644      26094   ELF Image Totals
      2416         42        436         84          0          0   ROM Totals

==============================================================================

    Total RO  Size (Code + RO Data)                 2852 (   2.79kB)
    Total RW  Size (RW Data + ZI Data)              1728 (   1.69kB)
    Total ROM Size (Code + RO Data + RW Data)       2936 (   2.87kB)

==============================================================================

